// Jest Snapshot v1, https://goo.gl/fbAQLP

exports[`ConfirmSwap.vue should renders correctly 1`] = `
<dialog-base-stub
  customclass="dialog--confirm-swap"
  title="Confirm Swap"
>
  <div
    class="tokens"
  >
    <div
      class="tokens-info-container"
    >
      <span
        class="token-value"
      >
        150.1237
      </span>
       
      <s-icon-stub
        class="icon-divider"
        name="arrow-bottom-rounded"
        size="medium"
      />
       
      <span
        class="token-value"
      >
        0.0000
      </span>
    </div>
     
    <div
      class="tokens-info-container"
    >
      <div
        class="token"
      >
        <!---->
        
        XOR
      
      </div>
       
      <div
        class="token"
      >
        <!---->
        
        KSM
      
      </div>
    </div>
  </div>
   
  <p
    class="transaction-message"
  />
   
  <s-divider-stub
    contentposition="center"
    direction="horizontal"
    type="secondary"
  />
   
  <!---->
   
  <!---->
</dialog-base-stub>
`;
