// Jest Snapshot v1, https://goo.gl/fbAQLP

exports[`ConfirmCreatePair.vue should renders correctly 1`] = `
<dialog-base-stub
  customclass=""
  title="Create a pair"
>
  <div
    class="pool-tokens-amount"
  >
    
    1000.00
  
  </div>
   
  <s-row-stub
    align="middle"
    class="pool-tokens"
    flex="true"
    gutter="0"
    justify="start"
  >
    <!---->
    
    
  
  </s-row-stub>
   
  <div
    class="output-description"
  >
    
    
  
  </div>
   
  <s-divider-stub
    contentposition="center"
    direction="horizontal"
    type="secondary"
  />
   
  <div
    class="tokens"
  >
    <s-row-stub
      align="top"
      class="token"
      flex="true"
      gutter="0"
      justify="space-between"
    >
      <s-row-stub
        align="top"
        flex="true"
        gutter="0"
        justify="start"
      >
        <!---->
         
        <span
          class="token-symbol"
        >
          XOR :
        </span>
      </s-row-stub>
       
      <div
        class="token-value"
      >
        12.00
      </div>
    </s-row-stub>
     
    <s-row-stub
      align="top"
      class="token"
      flex="true"
      gutter="0"
      justify="space-between"
    >
      <s-row-stub
        align="top"
        flex="true"
        gutter="0"
        justify="start"
      >
        <!---->
         
        <span
          class="token-symbol"
        >
          KSM :
        </span>
      </s-row-stub>
       
      <div
        class="token-value"
      >
        12.00
      </div>
    </s-row-stub>
  </div>
   
  <div
    class="pair-info"
  >
    <s-row-stub
      align="top"
      class="pair-info__line"
      flex="true"
      gutter="0"
      justify="space-between"
    >
      <div>
        
      </div>
       
      <div
        class="price"
      >
        <div>
          1 XOR = 10018.1818 KSM
        </div>
         
        <div>
          1 KSM = 0.0001 XOR
        </div>
      </div>
    </s-row-stub>
     
    <s-row-stub
      align="top"
      class="pair-info__line"
      flex="true"
      gutter="0"
      justify="space-between"
    >
      <div>
        
      </div>
       
      <div>
        1%
      </div>
    </s-row-stub>
  </div>
</dialog-base-stub>
`;
