// Jest Snapshot v1, https://goo.gl/fbAQLP

exports[`Pool.vue should renders correctly 1`] = `
<div
  class="el-form--pool"
>
  <!---->
   
  <p
    class="pool-info-container"
  >
    
    
  
  </p>
   
  <s-button-stub
    borderradius="small"
    class="el-button--add-liquidity"
    icon=""
    nativetype="button"
    size="medium"
    tabindex="0"
    tooltip=""
    tooltipplacement="top"
    type="primary"
  >
    
    
  
  </s-button-stub>
   
  <!---->
</div>
`;
