// Jest Snapshot v1, https://goo.gl/fbAQLP

exports[`Swap.vue should renders correctly 1`] = `
<s-form-stub
  class="el-form--swap"
  labelposition="right"
  validateonrulechange="true"
  value="[object Object]"
>
  <div
    class="input-container"
  >
    <div
      class="input-line"
    >
      <div
        class="input-title"
      >
        
      </div>
       
      <!---->
    </div>
     
    <div
      class="input-line"
    >
      <s-form-item-stub
        prop=""
        showmessage="true"
      >
        <s-input-stub
          accept=""
          autocomplete="off"
          borderradius="small"
          form=""
          label=""
          name=""
          placeholder="0.00"
          prefix=""
          size="big"
          suffix=""
          tabindex=""
          type="text"
          value="0.0"
        />
      </s-form-item-stub>
       
      <div
        class="token"
      >
        <!---->
         
        <s-button-stub
          borderradius="small"
          class="el-button--choose-token"
          icon="chevron-bottom-rounded"
          nativetype="button"
          size="small"
          tabindex="0"
          tooltip=""
          tooltipplacement="top"
          type="tertiary"
        >
          <span
            class="token-logo token-logo--xor"
          />
          
          XOR
        
        </s-button-stub>
      </div>
    </div>
  </div>
   
  <s-button-stub
    borderradius="small"
    class="el-button--switch-tokens"
    icon="change-positions"
    nativetype="button"
    size="medium"
    tabindex="0"
    tooltip=""
    tooltipplacement="top"
    type="action"
  />
   
  <div
    class="input-container"
  >
    <div
      class="input-line"
    >
      <div
        class="input-title"
      >
        <span>
          
        </span>
         
        <span
          class="input-title-estimated"
        >
          ()
        </span>
      </div>
       
      <!---->
    </div>
     
    <div
      class="input-line"
    >
      <s-form-item-stub
        prop=""
        showmessage="true"
      >
        <s-input-stub
          accept=""
          autocomplete="off"
          borderradius="small"
          form=""
          label=""
          name=""
          placeholder="0.00"
          prefix=""
          size="big"
          suffix=""
          tabindex=""
          type="text"
          value="0.0"
        />
      </s-form-item-stub>
       
      <div
        class="token"
      >
        <s-button-stub
          borderradius="small"
          class="el-button--choose-token"
          icon="chevron-bottom-rounded"
          nativetype="button"
          size="small"
          tabindex="0"
          tooltip=""
          tooltipplacement="top"
          type="tertiary"
        >
          <span
            class="token-logo token-logo--ksm"
          />
          
          KSM
        
        </s-button-stub>
      </div>
    </div>
  </div>
   
  <!---->
   
  <s-button-stub
    borderradius="small"
    icon=""
    nativetype="button"
    size="medium"
    tabindex="0"
    tooltip=""
    tooltipplacement="top"
    type="primary"
  >
    
    
  
  </s-button-stub>
   
  <!---->
   
  <!---->
   
  <!---->
   
  <!---->
</s-form-stub>
`;
