// Jest Snapshot v1, https://goo.gl/fbAQLP

exports[`SwapInfo.vue should renders correctly 1`] = `
<div
  class="swap-info-container"
>
  <div
    class="swap-info swap-info--min-received"
  >
    <s-tooltip-stub
      animation="none"
      borderradius="mini"
      class="swap-info-icon"
      closedelay="0"
      content=""
      offset="0"
      opendelay="0"
      placement="right-start"
      popperclass="info-tooltip info-tooltip--swap"
      tabindex="0"
      theme="light"
    >
      <s-icon-stub
        name="info"
        size="16"
      />
    </s-tooltip-stub>
     
    <span>
      
    </span>
     
    <span
      class="swap-info-value"
    >
      100.0000 KSM
    </span>
  </div>
   
  <div
    class="swap-info"
  >
    <s-tooltip-stub
      animation="none"
      borderradius="mini"
      class="swap-info-icon"
      closedelay="0"
      content=""
      offset="0"
      opendelay="0"
      placement="right-start"
      popperclass="info-tooltip info-tooltip--swap"
      tabindex="0"
      theme="light"
    >
      <s-icon-stub
        name="info"
        size="16"
      />
    </s-tooltip-stub>
     
    <span>
      
    </span>
     
    <span
      class="swap-info-value price-impact-positive"
    >
      0.02%
    </span>
  </div>
   
  <div
    class="swap-info"
  >
    <s-tooltip-stub
      animation="none"
      borderradius="mini"
      class="swap-info-icon"
      closedelay="0"
      content=""
      offset="0"
      opendelay="0"
      placement="right-start"
      popperclass="info-tooltip info-tooltip--swap"
      tabindex="0"
      theme="light"
    >
      <s-icon-stub
        name="info"
        size="16"
      />
    </s-tooltip-stub>
     
    <span>
      
    </span>
     
    <span
      class="swap-info-value"
    >
      0.0006 KSM
    </span>
  </div>
</div>
`;
