// Jest Snapshot v1, https://goo.gl/fbAQLP

exports[`AccountButton.vue should be rendered correctly 1`] = `
<s-button-stub
  borderradius="small"
  class="account-control s-pressed"
  icon=""
  iconposition="left"
  nativetype="button"
  size="medium"
  tabindex="0"
  tooltip="Connected account"
  tooltipplacement="top"
  type="tertiary"
  usedesignsystem="true"
>
  <div
    class="account-control-icon"
  >
    <walletavatar-stub
      address="cnRXua6zs8TaE87BQFL6uWVbT2g6GXsUjwk6PTvL6UHcHDCvo"
      size="32"
      theme="polkadot"
    />
  </div>
   
  <div
    class="account-control-title name"
  >
    Sora Name
  </div>
</s-button-stub>
`;
