[    1388ms] [WARNING] @polkadot/keyring requires direct dependencies exactly matching version 10.4.2.
Either remove and explicitly install matching versions or dedupe using your package manager.
The following conflicting packages were found:
	12.6.2	@polkadot/util @ https://polkaswap.io/assets/index-BHqySXo4.js:7
[    1389ms] [WARNING] @polkadot/util-crypto requires direct dependencies exactly matching version 10.4.2.
Either remove and explicitly install matching versions or dedupe using your package manager.
The following conflicting packages were found:
	12.6.2	@polkadot/util @ https://polkaswap.io/assets/index-BHqySXo4.js:7
[    1504ms] [WARNING] @polkadot/types-create has multiple versions, ensure that there is only one installed.
Either remove and explicitly install matching versions or dedupe using your package manager.
The following conflicting packages were found:
	cjs 9.14.2	<unknown>
	cjs 9.14.2	<unknown> @ https://polkaswap.io/assets/index-BHqySXo4.js:7
[    1504ms] [WARNING] @polkadot/types-codec has multiple versions, ensure that there is only one installed.
Either remove and explicitly install matching versions or dedupe using your package manager.
The following conflicting packages were found:
	cjs 9.14.2	<unknown>
	cjs 9.14.2	<unknown> @ https://polkaswap.io/assets/index-BHqySXo4.js:7
[    7055ms] [ERROR] WebSocket connection to 'wss://api.subquery.network/sq/sora-xor/sora-prod' failed: Error during WebSocket handshake: Unexpected response code: 302 @ https://polkaswap.io/assets/index-BHqySXo4.js:126
[    7513ms] [ERROR] WebSocket connection to 'wss://api.subquery.network/sq/sora-xor/sora-prod' failed: Error during WebSocket handshake: Unexpected response code: 302 @ https://polkaswap.io/assets/index-BHqySXo4.js:126
[    8096ms] [ERROR] WebSocket connection to 'wss://api.subquery.network/sq/sora-xor/sora-prod' failed: Error during WebSocket handshake: Unexpected response code: 302 @ https://polkaswap.io/assets/index-BHqySXo4.js:126
[    8727ms] [ERROR] WebSocket connection to 'wss://api.subquery.network/sq/sora-xor/sora-prod' failed: Error during WebSocket handshake: Unexpected response code: 302 @ https://polkaswap.io/assets/index-BHqySXo4.js:126
[    9593ms] [ERROR] WebSocket connection to 'wss://api.subquery.network/sq/sora-xor/sora-prod' failed: Error during WebSocket handshake: Unexpected response code: 302 @ https://polkaswap.io/assets/index-BHqySXo4.js:126
[   12297ms] [ERROR] WebSocket connection to 'wss://api.subquery.network/sq/sora-xor/sora-prod' failed: Error during WebSocket handshake: Unexpected response code: 302 @ https://polkaswap.io/assets/index-BHqySXo4.js:126
[   15828ms] [ERROR] WebSocket connection to 'wss://api.subquery.network/sq/sora-xor/sora-prod' failed: Error during WebSocket handshake: Unexpected response code: 302 @ https://polkaswap.io/assets/index-BHqySXo4.js:126
[   25020ms] [ERROR] WebSocket connection to 'wss://api.subquery.network/sq/sora-xor/sora-prod' failed: Error during WebSocket handshake: Unexpected response code: 302 @ https://polkaswap.io/assets/index-BHqySXo4.js:126
[   35363ms] [ERROR] WebSocket connection to 'wss://api.subquery.network/sq/sora-xor/sora-prod' failed: Error during WebSocket handshake: Unexpected response code: 302 @ https://polkaswap.io/assets/index-BHqySXo4.js:126
[   45718ms] [ERROR] WebSocket connection to 'wss://api.subquery.network/sq/sora-xor/sora-prod' failed: Error during WebSocket handshake: Unexpected response code: 302 @ https://polkaswap.io/assets/index-BHqySXo4.js:126
[   56110ms] [ERROR] WebSocket connection to 'wss://api.subquery.network/sq/sora-xor/sora-prod' failed: Error during WebSocket handshake: Unexpected response code: 302 @ https://polkaswap.io/assets/index-BHqySXo4.js:126
[23796475ms] [ERROR] Access to fetch at 'https://api.coingecko.com/api/v3/simple/price?ids=dai&vs_currencies=btc%2Ceth%2Cusd%2Caed%2Cars%2Caud%2Cbdt%2Cbhd%2Cbmd%2Cbrl%2Ccad%2Cchf%2Cclp%2Ccny%2Cczk%2Cdkk%2Ceur%2Cgbp%2Cgel%2Chkd%2Chuf%2Cidr%2Cils%2Cinr%2Cjpy%2Ckrw%2Ckwd%2Clkr%2Cmmk%2Cmxn%2Cmyr%2Cngn%2Cnok%2Cnzd%2Cphp%2Cpkr%2Cpln%2Crub%2Csar%2Csek%2Csgd%2Cthb%2Ctry%2Ctwd%2Cuah%2Cvef%2Cvnd%2Czar%2Cxdr%2Cxag%2Cxau' from origin 'https://polkaswap.io' has been blocked by CORS policy: No 'Access-Control-Allow-Origin' header is present on the requested resource. @ https://polkaswap.io/#/swap:0
[23796475ms] [ERROR] Failed to load resource: net::ERR_FAILED @ https://api.coingecko.com/api/v3/simple/price?ids=dai&vs_currencies=btc%2Ceth%2Cusd%2Caed%2Cars%2Caud%2Cbdt%2Cbhd%2Cbmd%2Cbrl%2Ccad%2Cchf%2Cclp%2Ccny%2Cczk%2Cdkk%2Ceur%2Cgbp%2Cgel%2Chkd%2Chuf%2Cidr%2Cils%2Cinr%2Cjpy%2Ckrw%2Ckwd%2Clkr%2Cmmk%2Cmxn%2Cmyr%2Cngn%2Cnok%2Cnzd%2Cphp%2Cpkr%2Cpln%2Crub%2Csar%2Csek%2Csgd%2Cthb%2Ctry%2Ctwd%2Cuah%2Cvef%2Cvnd%2Czar%2Cxdr%2Cxag%2Cxau:0
[23796475ms] [ERROR] [Exchange rate API] Error while fetching rates. @ https://polkaswap.io/assets/index-BHqySXo4.js:569
[23796475ms] [WARNING] [Exchange rate API] not available. Now using default option. TypeError: Failed to fetch
    at MP.getRates (https://polkaswap.io/assets/index-BHqySXo4.js:570:46952)
    at Object.next (https://polkaswap.io/assets/index-BHqySXo4.js:570:47233)
    at Te.next (https://polkaswap.io/assets/index-BHqySXo4.js:47:4910)
    at Ie._next (https://polkaswap.io/assets/index-BHqySXo4.js:47:4458)
    at Ie.next (https://polkaswap.io/assets/index-BHqySXo4.js:47:3992)
    at Ie.work (https://polkaswap.io/assets/index-BHqySXo4.js:47:44468)
    at Ie._execute (https://polkaswap.io/assets/index-BHqySXo4.js:47:19228)
    at Ie.execute (https://polkaswap.io/assets/index-BHqySXo4.js:47:19042)
    at Ie.flush (https://polkaswap.io/assets/index-BHqySXo4.js:47:21677) @ https://polkaswap.io/assets/index-BHqySXo4.js:569
[23811462ms] [ERROR] Access to fetch at 'https://api.coingecko.com/api/v3/simple/price?ids=dai&vs_currencies=btc%2Ceth%2Cusd%2Caed%2Cars%2Caud%2Cbdt%2Cbhd%2Cbmd%2Cbrl%2Ccad%2Cchf%2Cclp%2Ccny%2Cczk%2Cdkk%2Ceur%2Cgbp%2Cgel%2Chkd%2Chuf%2Cidr%2Cils%2Cinr%2Cjpy%2Ckrw%2Ckwd%2Clkr%2Cmmk%2Cmxn%2Cmyr%2Cngn%2Cnok%2Cnzd%2Cphp%2Cpkr%2Cpln%2Crub%2Csar%2Csek%2Csgd%2Cthb%2Ctry%2Ctwd%2Cuah%2Cvef%2Cvnd%2Czar%2Cxdr%2Cxag%2Cxau' from origin 'https://polkaswap.io' has been blocked by CORS policy: No 'Access-Control-Allow-Origin' header is present on the requested resource. @ https://polkaswap.io/#/swap:0
[23811462ms] [ERROR] Failed to load resource: net::ERR_FAILED @ https://api.coingecko.com/api/v3/simple/price?ids=dai&vs_currencies=btc%2Ceth%2Cusd%2Caed%2Cars%2Caud%2Cbdt%2Cbhd%2Cbmd%2Cbrl%2Ccad%2Cchf%2Cclp%2Ccny%2Cczk%2Cdkk%2Ceur%2Cgbp%2Cgel%2Chkd%2Chuf%2Cidr%2Cils%2Cinr%2Cjpy%2Ckrw%2Ckwd%2Clkr%2Cmmk%2Cmxn%2Cmyr%2Cngn%2Cnok%2Cnzd%2Cphp%2Cpkr%2Cpln%2Crub%2Csar%2Csek%2Csgd%2Cthb%2Ctry%2Ctwd%2Cuah%2Cvef%2Cvnd%2Czar%2Cxdr%2Cxag%2Cxau:0
[23811462ms] [ERROR] [Exchange rate API] Error while fetching rates. @ https://polkaswap.io/assets/index-BHqySXo4.js:569
[23811462ms] [WARNING] [Exchange rate API] not available. Now using default option. TypeError: Failed to fetch
    at MP.getRates (https://polkaswap.io/assets/index-BHqySXo4.js:570:46952)
    at Object.next (https://polkaswap.io/assets/index-BHqySXo4.js:570:47233)
    at Te.next (https://polkaswap.io/assets/index-BHqySXo4.js:47:4910)
    at Ie._next (https://polkaswap.io/assets/index-BHqySXo4.js:47:4458)
    at Ie.next (https://polkaswap.io/assets/index-BHqySXo4.js:47:3992)
    at Ie.work (https://polkaswap.io/assets/index-BHqySXo4.js:47:44468)
    at Ie._execute (https://polkaswap.io/assets/index-BHqySXo4.js:47:19228)
    at Ie.execute (https://polkaswap.io/assets/index-BHqySXo4.js:47:19042)
    at Ie.flush (https://polkaswap.io/assets/index-BHqySXo4.js:47:21677) @ https://polkaswap.io/assets/index-BHqySXo4.js:569
[23826458ms] [ERROR] Access to fetch at 'https://api.coingecko.com/api/v3/simple/price?ids=dai&vs_currencies=btc%2Ceth%2Cusd%2Caed%2Cars%2Caud%2Cbdt%2Cbhd%2Cbmd%2Cbrl%2Ccad%2Cchf%2Cclp%2Ccny%2Cczk%2Cdkk%2Ceur%2Cgbp%2Cgel%2Chkd%2Chuf%2Cidr%2Cils%2Cinr%2Cjpy%2Ckrw%2Ckwd%2Clkr%2Cmmk%2Cmxn%2Cmyr%2Cngn%2Cnok%2Cnzd%2Cphp%2Cpkr%2Cpln%2Crub%2Csar%2Csek%2Csgd%2Cthb%2Ctry%2Ctwd%2Cuah%2Cvef%2Cvnd%2Czar%2Cxdr%2Cxag%2Cxau' from origin 'https://polkaswap.io' has been blocked by CORS policy: No 'Access-Control-Allow-Origin' header is present on the requested resource. @ https://polkaswap.io/#/swap:0
[23826459ms] [ERROR] Failed to load resource: net::ERR_FAILED @ https://api.coingecko.com/api/v3/simple/price?ids=dai&vs_currencies=btc%2Ceth%2Cusd%2Caed%2Cars%2Caud%2Cbdt%2Cbhd%2Cbmd%2Cbrl%2Ccad%2Cchf%2Cclp%2Ccny%2Cczk%2Cdkk%2Ceur%2Cgbp%2Cgel%2Chkd%2Chuf%2Cidr%2Cils%2Cinr%2Cjpy%2Ckrw%2Ckwd%2Clkr%2Cmmk%2Cmxn%2Cmyr%2Cngn%2Cnok%2Cnzd%2Cphp%2Cpkr%2Cpln%2Crub%2Csar%2Csek%2Csgd%2Cthb%2Ctry%2Ctwd%2Cuah%2Cvef%2Cvnd%2Czar%2Cxdr%2Cxag%2Cxau:0
[23826459ms] [ERROR] [Exchange rate API] Error while fetching rates. @ https://polkaswap.io/assets/index-BHqySXo4.js:569
[23826459ms] [WARNING] [Exchange rate API] not available. Now using default option. TypeError: Failed to fetch
    at MP.getRates (https://polkaswap.io/assets/index-BHqySXo4.js:570:46952)
    at Object.next (https://polkaswap.io/assets/index-BHqySXo4.js:570:47233)
    at Te.next (https://polkaswap.io/assets/index-BHqySXo4.js:47:4910)
    at Ie._next (https://polkaswap.io/assets/index-BHqySXo4.js:47:4458)
    at Ie.next (https://polkaswap.io/assets/index-BHqySXo4.js:47:3992)
    at Ie.work (https://polkaswap.io/assets/index-BHqySXo4.js:47:44468)
    at Ie._execute (https://polkaswap.io/assets/index-BHqySXo4.js:47:19228)
    at Ie.execute (https://polkaswap.io/assets/index-BHqySXo4.js:47:19042)
    at Ie.flush (https://polkaswap.io/assets/index-BHqySXo4.js:47:21677) @ https://polkaswap.io/assets/index-BHqySXo4.js:569
[23841459ms] [ERROR] Access to fetch at 'https://api.coingecko.com/api/v3/simple/price?ids=dai&vs_currencies=btc%2Ceth%2Cusd%2Caed%2Cars%2Caud%2Cbdt%2Cbhd%2Cbmd%2Cbrl%2Ccad%2Cchf%2Cclp%2Ccny%2Cczk%2Cdkk%2Ceur%2Cgbp%2Cgel%2Chkd%2Chuf%2Cidr%2Cils%2Cinr%2Cjpy%2Ckrw%2Ckwd%2Clkr%2Cmmk%2Cmxn%2Cmyr%2Cngn%2Cnok%2Cnzd%2Cphp%2Cpkr%2Cpln%2Crub%2Csar%2Csek%2Csgd%2Cthb%2Ctry%2Ctwd%2Cuah%2Cvef%2Cvnd%2Czar%2Cxdr%2Cxag%2Cxau' from origin 'https://polkaswap.io' has been blocked by CORS policy: No 'Access-Control-Allow-Origin' header is present on the requested resource. @ https://polkaswap.io/#/swap:0
[23841459ms] [ERROR] Failed to load resource: net::ERR_FAILED @ https://api.coingecko.com/api/v3/simple/price?ids=dai&vs_currencies=btc%2Ceth%2Cusd%2Caed%2Cars%2Caud%2Cbdt%2Cbhd%2Cbmd%2Cbrl%2Ccad%2Cchf%2Cclp%2Ccny%2Cczk%2Cdkk%2Ceur%2Cgbp%2Cgel%2Chkd%2Chuf%2Cidr%2Cils%2Cinr%2Cjpy%2Ckrw%2Ckwd%2Clkr%2Cmmk%2Cmxn%2Cmyr%2Cngn%2Cnok%2Cnzd%2Cphp%2Cpkr%2Cpln%2Crub%2Csar%2Csek%2Csgd%2Cthb%2Ctry%2Ctwd%2Cuah%2Cvef%2Cvnd%2Czar%2Cxdr%2Cxag%2Cxau:0
[23841459ms] [ERROR] [Exchange rate API] Error while fetching rates. @ https://polkaswap.io/assets/index-BHqySXo4.js:569
[23841459ms] [WARNING] [Exchange rate API] not available. Now using default option. TypeError: Failed to fetch
    at MP.getRates (https://polkaswap.io/assets/index-BHqySXo4.js:570:46952)
    at Object.next (https://polkaswap.io/assets/index-BHqySXo4.js:570:47233)
    at Te.next (https://polkaswap.io/assets/index-BHqySXo4.js:47:4910)
    at Ie._next (https://polkaswap.io/assets/index-BHqySXo4.js:47:4458)
    at Ie.next (https://polkaswap.io/assets/index-BHqySXo4.js:47:3992)
    at Ie.work (https://polkaswap.io/assets/index-BHqySXo4.js:47:44468)
    at Ie._execute (https://polkaswap.io/assets/index-BHqySXo4.js:47:19228)
    at Ie.execute (https://polkaswap.io/assets/index-BHqySXo4.js:47:19042)
    at Ie.flush (https://polkaswap.io/assets/index-BHqySXo4.js:47:21677) @ https://polkaswap.io/assets/index-BHqySXo4.js:569
[23856462ms] [ERROR] Access to fetch at 'https://api.coingecko.com/api/v3/simple/price?ids=dai&vs_currencies=btc%2Ceth%2Cusd%2Caed%2Cars%2Caud%2Cbdt%2Cbhd%2Cbmd%2Cbrl%2Ccad%2Cchf%2Cclp%2Ccny%2Cczk%2Cdkk%2Ceur%2Cgbp%2Cgel%2Chkd%2Chuf%2Cidr%2Cils%2Cinr%2Cjpy%2Ckrw%2Ckwd%2Clkr%2Cmmk%2Cmxn%2Cmyr%2Cngn%2Cnok%2Cnzd%2Cphp%2Cpkr%2Cpln%2Crub%2Csar%2Csek%2Csgd%2Cthb%2Ctry%2Ctwd%2Cuah%2Cvef%2Cvnd%2Czar%2Cxdr%2Cxag%2Cxau' from origin 'https://polkaswap.io' has been blocked by CORS policy: No 'Access-Control-Allow-Origin' header is present on the requested resource. @ https://polkaswap.io/#/swap:0
[23856462ms] [ERROR] Failed to load resource: net::ERR_FAILED @ https://api.coingecko.com/api/v3/simple/price?ids=dai&vs_currencies=btc%2Ceth%2Cusd%2Caed%2Cars%2Caud%2Cbdt%2Cbhd%2Cbmd%2Cbrl%2Ccad%2Cchf%2Cclp%2Ccny%2Cczk%2Cdkk%2Ceur%2Cgbp%2Cgel%2Chkd%2Chuf%2Cidr%2Cils%2Cinr%2Cjpy%2Ckrw%2Ckwd%2Clkr%2Cmmk%2Cmxn%2Cmyr%2Cngn%2Cnok%2Cnzd%2Cphp%2Cpkr%2Cpln%2Crub%2Csar%2Csek%2Csgd%2Cthb%2Ctry%2Ctwd%2Cuah%2Cvef%2Cvnd%2Czar%2Cxdr%2Cxag%2Cxau:0
[23856462ms] [ERROR] [Exchange rate API] Error while fetching rates. @ https://polkaswap.io/assets/index-BHqySXo4.js:569
[23856462ms] [WARNING] [Exchange rate API] not available. Now using default option. TypeError: Failed to fetch
    at MP.getRates (https://polkaswap.io/assets/index-BHqySXo4.js:570:46952)
    at Object.next (https://polkaswap.io/assets/index-BHqySXo4.js:570:47233)
    at Te.next (https://polkaswap.io/assets/index-BHqySXo4.js:47:4910)
    at Ie._next (https://polkaswap.io/assets/index-BHqySXo4.js:47:4458)
    at Ie.next (https://polkaswap.io/assets/index-BHqySXo4.js:47:3992)
    at Ie.work (https://polkaswap.io/assets/index-BHqySXo4.js:47:44468)
    at Ie._execute (https://polkaswap.io/assets/index-BHqySXo4.js:47:19228)
    at Ie.execute (https://polkaswap.io/assets/index-BHqySXo4.js:47:19042)
    at Ie.flush (https://polkaswap.io/assets/index-BHqySXo4.js:47:21677) @ https://polkaswap.io/assets/index-BHqySXo4.js:569
