[    1476ms] [WARNING] @polkadot/keyring requires direct dependencies exactly matching version 10.4.2.
Either remove and explicitly install matching versions or dedupe using your package manager.
The following conflicting packages were found:
	12.6.2	@polkadot/util @ https://polkaswap.io/assets/index-BHqySXo4.js:7
[    1476ms] [WARNING] @polkadot/util-crypto requires direct dependencies exactly matching version 10.4.2.
Either remove and explicitly install matching versions or dedupe using your package manager.
The following conflicting packages were found:
	12.6.2	@polkadot/util @ https://polkaswap.io/assets/index-BHqySXo4.js:7
[    1607ms] [WARNING] @polkadot/types-create has multiple versions, ensure that there is only one installed.
Either remove and explicitly install matching versions or dedupe using your package manager.
The following conflicting packages were found:
	cjs 9.14.2	<unknown>
	cjs 9.14.2	<unknown> @ https://polkaswap.io/assets/index-BHqySXo4.js:7
[    1608ms] [WARNING] @polkadot/types-codec has multiple versions, ensure that there is only one installed.
Either remove and explicitly install matching versions or dedupe using your package manager.
The following conflicting packages were found:
	cjs 9.14.2	<unknown>
	cjs 9.14.2	<unknown> @ https://polkaswap.io/assets/index-BHqySXo4.js:7
[    4772ms] [ERROR] WebSocket connection to 'wss://api.subquery.network/sq/sora-xor/sora-prod' failed: Error during WebSocket handshake: Unexpected response code: 302 @ https://polkaswap.io/assets/index-BHqySXo4.js:126
[    5238ms] [ERROR] WebSocket connection to 'wss://api.subquery.network/sq/sora-xor/sora-prod' failed: Error during WebSocket handshake: Unexpected response code: 302 @ https://polkaswap.io/assets/index-BHqySXo4.js:126
[    5871ms] [ERROR] WebSocket connection to 'wss://api.subquery.network/sq/sora-xor/sora-prod' failed: Error during WebSocket handshake: Unexpected response code: 302 @ https://polkaswap.io/assets/index-BHqySXo4.js:126
[    6651ms] [ERROR] WebSocket connection to 'wss://api.subquery.network/sq/sora-xor/sora-prod' failed: Error during WebSocket handshake: Unexpected response code: 302 @ https://polkaswap.io/assets/index-BHqySXo4.js:126
[    7965ms] [ERROR] WebSocket connection to 'wss://api.subquery.network/sq/sora-xor/sora-prod' failed: Error during WebSocket handshake: Unexpected response code: 302 @ https://polkaswap.io/assets/index-BHqySXo4.js:126
[    9251ms] [ERROR] WebSocket connection to 'wss://api.subquery.network/sq/sora-xor/sora-prod' failed: Error during WebSocket handshake: Unexpected response code: 302 @ https://polkaswap.io/assets/index-BHqySXo4.js:126
[   13635ms] [ERROR] WebSocket connection to 'wss://api.subquery.network/sq/sora-xor/sora-prod' failed: Error during WebSocket handshake: Unexpected response code: 302 @ https://polkaswap.io/assets/index-BHqySXo4.js:126
