[    1554ms] [WARNING] @polkadot/keyring requires direct dependencies exactly matching version 10.4.2.
Either remove and explicitly install matching versions or dedupe using your package manager.
The following conflicting packages were found:
	12.6.2	@polkadot/util @ https://polkaswap.io/assets/index-BHqySXo4.js:7
[    1555ms] [WARNING] @polkadot/util-crypto requires direct dependencies exactly matching version 10.4.2.
Either remove and explicitly install matching versions or dedupe using your package manager.
The following conflicting packages were found:
	12.6.2	@polkadot/util @ https://polkaswap.io/assets/index-BHqySXo4.js:7
[    1668ms] [WARNING] @polkadot/types-create has multiple versions, ensure that there is only one installed.
Either remove and explicitly install matching versions or dedupe using your package manager.
The following conflicting packages were found:
	cjs 9.14.2	<unknown>
	cjs 9.14.2	<unknown> @ https://polkaswap.io/assets/index-BHqySXo4.js:7
[    1669ms] [WARNING] @polkadot/types-codec has multiple versions, ensure that there is only one installed.
Either remove and explicitly install matching versions or dedupe using your package manager.
The following conflicting packages were found:
	cjs 9.14.2	<unknown>
	cjs 9.14.2	<unknown> @ https://polkaswap.io/assets/index-BHqySXo4.js:7
[    6330ms] [ERROR] WebSocket connection to 'wss://api.subquery.network/sq/sora-xor/sora-prod' failed: Error during WebSocket handshake: Unexpected response code: 302 @ https://polkaswap.io/assets/index-BHqySXo4.js:126
[    6995ms] [ERROR] WebSocket connection to 'wss://api.subquery.network/sq/sora-xor/sora-prod' failed: Error during WebSocket handshake: Unexpected response code: 302 @ https://polkaswap.io/assets/index-BHqySXo4.js:126
[    6995ms] [WARNING] WebSocket connection to 'wss://api.subquery.network/sq/sora-xor/sora-prod' failed: WebSocket is closed before the connection is established. @ https://polkaswap.io/assets/index-BHqySXo4.js:126
[    7639ms] [ERROR] WebSocket connection to 'wss://api.subquery.network/sq/sora-xor/sora-prod' failed: Error during WebSocket handshake: Unexpected response code: 302 @ https://polkaswap.io/assets/index-BHqySXo4.js:126
[    8584ms] [ERROR] WebSocket connection to 'wss://api.subquery.network/sq/sora-xor/sora-prod' failed: Error during WebSocket handshake: Unexpected response code: 302 @ https://polkaswap.io/assets/index-BHqySXo4.js:126
[    9857ms] [ERROR] WebSocket connection to 'wss://api.subquery.network/sq/sora-xor/sora-prod' failed: Error during WebSocket handshake: Unexpected response code: 302 @ https://polkaswap.io/assets/index-BHqySXo4.js:126
[   11166ms] [ERROR] WebSocket connection to 'wss://api.subquery.network/sq/sora-xor/sora-prod' failed: Error during WebSocket handshake: Unexpected response code: 302 @ https://polkaswap.io/assets/index-BHqySXo4.js:126
[   16285ms] [ERROR] WebSocket connection to 'wss://api.subquery.network/sq/sora-xor/sora-prod' failed: Error during WebSocket handshake: Unexpected response code: 302 @ https://polkaswap.io/assets/index-BHqySXo4.js:126
[   24293ms] [ERROR] WebSocket connection to 'wss://api.subquery.network/sq/sora-xor/sora-prod' failed: Error during WebSocket handshake: Unexpected response code: 302 @ https://polkaswap.io/assets/index-BHqySXo4.js:126
[   34693ms] [ERROR] WebSocket connection to 'wss://api.subquery.network/sq/sora-xor/sora-prod' failed: Error during WebSocket handshake: Unexpected response code: 302 @ https://polkaswap.io/assets/index-BHqySXo4.js:126
[   45085ms] [ERROR] WebSocket connection to 'wss://api.subquery.network/sq/sora-xor/sora-prod' failed: Error during WebSocket handshake: Unexpected response code: 302 @ https://polkaswap.io/assets/index-BHqySXo4.js:126
[   55475ms] [ERROR] WebSocket connection to 'wss://api.subquery.network/sq/sora-xor/sora-prod' failed: Error during WebSocket handshake: Unexpected response code: 302 @ https://polkaswap.io/assets/index-BHqySXo4.js:126
[  921649ms] [ERROR] Access to fetch at 'https://api.coingecko.com/api/v3/simple/price?ids=dai&vs_currencies=btc%2Ceth%2Cusd%2Caed%2Cars%2Caud%2Cbdt%2Cbhd%2Cbmd%2Cbrl%2Ccad%2Cchf%2Cclp%2Ccny%2Cczk%2Cdkk%2Ceur%2Cgbp%2Cgel%2Chkd%2Chuf%2Cidr%2Cils%2Cinr%2Cjpy%2Ckrw%2Ckwd%2Clkr%2Cmmk%2Cmxn%2Cmyr%2Cngn%2Cnok%2Cnzd%2Cphp%2Cpkr%2Cpln%2Crub%2Csar%2Csek%2Csgd%2Cthb%2Ctry%2Ctwd%2Cuah%2Cvef%2Cvnd%2Czar%2Cxdr%2Cxag%2Cxau' from origin 'https://polkaswap.io' has been blocked by CORS policy: No 'Access-Control-Allow-Origin' header is present on the requested resource. @ https://polkaswap.io/#/swap:0
[  921650ms] [ERROR] Failed to load resource: net::ERR_FAILED @ https://api.coingecko.com/api/v3/simple/price?ids=dai&vs_currencies=btc%2Ceth%2Cusd%2Caed%2Cars%2Caud%2Cbdt%2Cbhd%2Cbmd%2Cbrl%2Ccad%2Cchf%2Cclp%2Ccny%2Cczk%2Cdkk%2Ceur%2Cgbp%2Cgel%2Chkd%2Chuf%2Cidr%2Cils%2Cinr%2Cjpy%2Ckrw%2Ckwd%2Clkr%2Cmmk%2Cmxn%2Cmyr%2Cngn%2Cnok%2Cnzd%2Cphp%2Cpkr%2Cpln%2Crub%2Csar%2Csek%2Csgd%2Cthb%2Ctry%2Ctwd%2Cuah%2Cvef%2Cvnd%2Czar%2Cxdr%2Cxag%2Cxau:0
[  921650ms] [ERROR] [Exchange rate API] Error while fetching rates. @ https://polkaswap.io/assets/index-BHqySXo4.js:569
[  921650ms] [WARNING] [Exchange rate API] not available. Now using default option. TypeError: Failed to fetch
    at MP.getRates (https://polkaswap.io/assets/index-BHqySXo4.js:570:46952)
    at Object.next (https://polkaswap.io/assets/index-BHqySXo4.js:570:47233)
    at Te.next (https://polkaswap.io/assets/index-BHqySXo4.js:47:4910)
    at Ie._next (https://polkaswap.io/assets/index-BHqySXo4.js:47:4458)
    at Ie.next (https://polkaswap.io/assets/index-BHqySXo4.js:47:3992)
    at Ie.work (https://polkaswap.io/assets/index-BHqySXo4.js:47:44468)
    at Ie._execute (https://polkaswap.io/assets/index-BHqySXo4.js:47:19228)
    at Ie.execute (https://polkaswap.io/assets/index-BHqySXo4.js:47:19042)
    at Ie.flush (https://polkaswap.io/assets/index-BHqySXo4.js:47:21677) @ https://polkaswap.io/assets/index-BHqySXo4.js:569
[  936639ms] [ERROR] Access to fetch at 'https://api.coingecko.com/api/v3/simple/price?ids=dai&vs_currencies=btc%2Ceth%2Cusd%2Caed%2Cars%2Caud%2Cbdt%2Cbhd%2Cbmd%2Cbrl%2Ccad%2Cchf%2Cclp%2Ccny%2Cczk%2Cdkk%2Ceur%2Cgbp%2Cgel%2Chkd%2Chuf%2Cidr%2Cils%2Cinr%2Cjpy%2Ckrw%2Ckwd%2Clkr%2Cmmk%2Cmxn%2Cmyr%2Cngn%2Cnok%2Cnzd%2Cphp%2Cpkr%2Cpln%2Crub%2Csar%2Csek%2Csgd%2Cthb%2Ctry%2Ctwd%2Cuah%2Cvef%2Cvnd%2Czar%2Cxdr%2Cxag%2Cxau' from origin 'https://polkaswap.io' has been blocked by CORS policy: No 'Access-Control-Allow-Origin' header is present on the requested resource. @ https://polkaswap.io/#/swap:0
[  936639ms] [ERROR] Failed to load resource: net::ERR_FAILED @ https://api.coingecko.com/api/v3/simple/price?ids=dai&vs_currencies=btc%2Ceth%2Cusd%2Caed%2Cars%2Caud%2Cbdt%2Cbhd%2Cbmd%2Cbrl%2Ccad%2Cchf%2Cclp%2Ccny%2Cczk%2Cdkk%2Ceur%2Cgbp%2Cgel%2Chkd%2Chuf%2Cidr%2Cils%2Cinr%2Cjpy%2Ckrw%2Ckwd%2Clkr%2Cmmk%2Cmxn%2Cmyr%2Cngn%2Cnok%2Cnzd%2Cphp%2Cpkr%2Cpln%2Crub%2Csar%2Csek%2Csgd%2Cthb%2Ctry%2Ctwd%2Cuah%2Cvef%2Cvnd%2Czar%2Cxdr%2Cxag%2Cxau:0
[  936639ms] [ERROR] [Exchange rate API] Error while fetching rates. @ https://polkaswap.io/assets/index-BHqySXo4.js:569
[  936639ms] [WARNING] [Exchange rate API] not available. Now using default option. TypeError: Failed to fetch
    at MP.getRates (https://polkaswap.io/assets/index-BHqySXo4.js:570:46952)
    at Object.next (https://polkaswap.io/assets/index-BHqySXo4.js:570:47233)
    at Te.next (https://polkaswap.io/assets/index-BHqySXo4.js:47:4910)
    at Ie._next (https://polkaswap.io/assets/index-BHqySXo4.js:47:4458)
    at Ie.next (https://polkaswap.io/assets/index-BHqySXo4.js:47:3992)
    at Ie.work (https://polkaswap.io/assets/index-BHqySXo4.js:47:44468)
    at Ie._execute (https://polkaswap.io/assets/index-BHqySXo4.js:47:19228)
    at Ie.execute (https://polkaswap.io/assets/index-BHqySXo4.js:47:19042)
    at Ie.flush (https://polkaswap.io/assets/index-BHqySXo4.js:47:21677) @ https://polkaswap.io/assets/index-BHqySXo4.js:569
[  951639ms] [ERROR] Access to fetch at 'https://api.coingecko.com/api/v3/simple/price?ids=dai&vs_currencies=btc%2Ceth%2Cusd%2Caed%2Cars%2Caud%2Cbdt%2Cbhd%2Cbmd%2Cbrl%2Ccad%2Cchf%2Cclp%2Ccny%2Cczk%2Cdkk%2Ceur%2Cgbp%2Cgel%2Chkd%2Chuf%2Cidr%2Cils%2Cinr%2Cjpy%2Ckrw%2Ckwd%2Clkr%2Cmmk%2Cmxn%2Cmyr%2Cngn%2Cnok%2Cnzd%2Cphp%2Cpkr%2Cpln%2Crub%2Csar%2Csek%2Csgd%2Cthb%2Ctry%2Ctwd%2Cuah%2Cvef%2Cvnd%2Czar%2Cxdr%2Cxag%2Cxau' from origin 'https://polkaswap.io' has been blocked by CORS policy: No 'Access-Control-Allow-Origin' header is present on the requested resource. @ https://polkaswap.io/#/swap:0
[  951639ms] [ERROR] Failed to load resource: net::ERR_FAILED @ https://api.coingecko.com/api/v3/simple/price?ids=dai&vs_currencies=btc%2Ceth%2Cusd%2Caed%2Cars%2Caud%2Cbdt%2Cbhd%2Cbmd%2Cbrl%2Ccad%2Cchf%2Cclp%2Ccny%2Cczk%2Cdkk%2Ceur%2Cgbp%2Cgel%2Chkd%2Chuf%2Cidr%2Cils%2Cinr%2Cjpy%2Ckrw%2Ckwd%2Clkr%2Cmmk%2Cmxn%2Cmyr%2Cngn%2Cnok%2Cnzd%2Cphp%2Cpkr%2Cpln%2Crub%2Csar%2Csek%2Csgd%2Cthb%2Ctry%2Ctwd%2Cuah%2Cvef%2Cvnd%2Czar%2Cxdr%2Cxag%2Cxau:0
[  951640ms] [ERROR] [Exchange rate API] Error while fetching rates. @ https://polkaswap.io/assets/index-BHqySXo4.js:569
[  951640ms] [WARNING] [Exchange rate API] not available. Now using default option. TypeError: Failed to fetch
    at MP.getRates (https://polkaswap.io/assets/index-BHqySXo4.js:570:46952)
    at Object.next (https://polkaswap.io/assets/index-BHqySXo4.js:570:47233)
    at Te.next (https://polkaswap.io/assets/index-BHqySXo4.js:47:4910)
    at Ie._next (https://polkaswap.io/assets/index-BHqySXo4.js:47:4458)
    at Ie.next (https://polkaswap.io/assets/index-BHqySXo4.js:47:3992)
    at Ie.work (https://polkaswap.io/assets/index-BHqySXo4.js:47:44468)
    at Ie._execute (https://polkaswap.io/assets/index-BHqySXo4.js:47:19228)
    at Ie.execute (https://polkaswap.io/assets/index-BHqySXo4.js:47:19042)
    at Ie.flush (https://polkaswap.io/assets/index-BHqySXo4.js:47:21677) @ https://polkaswap.io/assets/index-BHqySXo4.js:569
[  966640ms] [ERROR] Access to fetch at 'https://api.coingecko.com/api/v3/simple/price?ids=dai&vs_currencies=btc%2Ceth%2Cusd%2Caed%2Cars%2Caud%2Cbdt%2Cbhd%2Cbmd%2Cbrl%2Ccad%2Cchf%2Cclp%2Ccny%2Cczk%2Cdkk%2Ceur%2Cgbp%2Cgel%2Chkd%2Chuf%2Cidr%2Cils%2Cinr%2Cjpy%2Ckrw%2Ckwd%2Clkr%2Cmmk%2Cmxn%2Cmyr%2Cngn%2Cnok%2Cnzd%2Cphp%2Cpkr%2Cpln%2Crub%2Csar%2Csek%2Csgd%2Cthb%2Ctry%2Ctwd%2Cuah%2Cvef%2Cvnd%2Czar%2Cxdr%2Cxag%2Cxau' from origin 'https://polkaswap.io' has been blocked by CORS policy: No 'Access-Control-Allow-Origin' header is present on the requested resource. @ https://polkaswap.io/#/swap:0
[  966640ms] [ERROR] Failed to load resource: net::ERR_FAILED @ https://api.coingecko.com/api/v3/simple/price?ids=dai&vs_currencies=btc%2Ceth%2Cusd%2Caed%2Cars%2Caud%2Cbdt%2Cbhd%2Cbmd%2Cbrl%2Ccad%2Cchf%2Cclp%2Ccny%2Cczk%2Cdkk%2Ceur%2Cgbp%2Cgel%2Chkd%2Chuf%2Cidr%2Cils%2Cinr%2Cjpy%2Ckrw%2Ckwd%2Clkr%2Cmmk%2Cmxn%2Cmyr%2Cngn%2Cnok%2Cnzd%2Cphp%2Cpkr%2Cpln%2Crub%2Csar%2Csek%2Csgd%2Cthb%2Ctry%2Ctwd%2Cuah%2Cvef%2Cvnd%2Czar%2Cxdr%2Cxag%2Cxau:0
[  966640ms] [ERROR] [Exchange rate API] Error while fetching rates. @ https://polkaswap.io/assets/index-BHqySXo4.js:569
[  966640ms] [WARNING] [Exchange rate API] not available. Now using default option. TypeError: Failed to fetch
    at MP.getRates (https://polkaswap.io/assets/index-BHqySXo4.js:570:46952)
    at Object.next (https://polkaswap.io/assets/index-BHqySXo4.js:570:47233)
    at Te.next (https://polkaswap.io/assets/index-BHqySXo4.js:47:4910)
    at Ie._next (https://polkaswap.io/assets/index-BHqySXo4.js:47:4458)
    at Ie.next (https://polkaswap.io/assets/index-BHqySXo4.js:47:3992)
    at Ie.work (https://polkaswap.io/assets/index-BHqySXo4.js:47:44468)
    at Ie._execute (https://polkaswap.io/assets/index-BHqySXo4.js:47:19228)
    at Ie.execute (https://polkaswap.io/assets/index-BHqySXo4.js:47:19042)
    at Ie.flush (https://polkaswap.io/assets/index-BHqySXo4.js:47:21677) @ https://polkaswap.io/assets/index-BHqySXo4.js:569
[  981640ms] [ERROR] Access to fetch at 'https://api.coingecko.com/api/v3/simple/price?ids=dai&vs_currencies=btc%2Ceth%2Cusd%2Caed%2Cars%2Caud%2Cbdt%2Cbhd%2Cbmd%2Cbrl%2Ccad%2Cchf%2Cclp%2Ccny%2Cczk%2Cdkk%2Ceur%2Cgbp%2Cgel%2Chkd%2Chuf%2Cidr%2Cils%2Cinr%2Cjpy%2Ckrw%2Ckwd%2Clkr%2Cmmk%2Cmxn%2Cmyr%2Cngn%2Cnok%2Cnzd%2Cphp%2Cpkr%2Cpln%2Crub%2Csar%2Csek%2Csgd%2Cthb%2Ctry%2Ctwd%2Cuah%2Cvef%2Cvnd%2Czar%2Cxdr%2Cxag%2Cxau' from origin 'https://polkaswap.io' has been blocked by CORS policy: No 'Access-Control-Allow-Origin' header is present on the requested resource. @ https://polkaswap.io/#/swap:0
[  981640ms] [ERROR] Failed to load resource: net::ERR_FAILED @ https://api.coingecko.com/api/v3/simple/price?ids=dai&vs_currencies=btc%2Ceth%2Cusd%2Caed%2Cars%2Caud%2Cbdt%2Cbhd%2Cbmd%2Cbrl%2Ccad%2Cchf%2Cclp%2Ccny%2Cczk%2Cdkk%2Ceur%2Cgbp%2Cgel%2Chkd%2Chuf%2Cidr%2Cils%2Cinr%2Cjpy%2Ckrw%2Ckwd%2Clkr%2Cmmk%2Cmxn%2Cmyr%2Cngn%2Cnok%2Cnzd%2Cphp%2Cpkr%2Cpln%2Crub%2Csar%2Csek%2Csgd%2Cthb%2Ctry%2Ctwd%2Cuah%2Cvef%2Cvnd%2Czar%2Cxdr%2Cxag%2Cxau:0
[  981640ms] [ERROR] [Exchange rate API] Error while fetching rates. @ https://polkaswap.io/assets/index-BHqySXo4.js:569
[  981640ms] [WARNING] [Exchange rate API] not available. Now using default option. TypeError: Failed to fetch
    at MP.getRates (https://polkaswap.io/assets/index-BHqySXo4.js:570:46952)
    at Object.next (https://polkaswap.io/assets/index-BHqySXo4.js:570:47233)
    at Te.next (https://polkaswap.io/assets/index-BHqySXo4.js:47:4910)
    at Ie._next (https://polkaswap.io/assets/index-BHqySXo4.js:47:4458)
    at Ie.next (https://polkaswap.io/assets/index-BHqySXo4.js:47:3992)
    at Ie.work (https://polkaswap.io/assets/index-BHqySXo4.js:47:44468)
    at Ie._execute (https://polkaswap.io/assets/index-BHqySXo4.js:47:19228)
    at Ie.execute (https://polkaswap.io/assets/index-BHqySXo4.js:47:19042)
    at Ie.flush (https://polkaswap.io/assets/index-BHqySXo4.js:47:21677) @ https://polkaswap.io/assets/index-BHqySXo4.js:569
[ 3741661ms] [ERROR] Access to fetch at 'https://api.coingecko.com/api/v3/simple/price?ids=dai&vs_currencies=btc%2Ceth%2Cusd%2Caed%2Cars%2Caud%2Cbdt%2Cbhd%2Cbmd%2Cbrl%2Ccad%2Cchf%2Cclp%2Ccny%2Cczk%2Cdkk%2Ceur%2Cgbp%2Cgel%2Chkd%2Chuf%2Cidr%2Cils%2Cinr%2Cjpy%2Ckrw%2Ckwd%2Clkr%2Cmmk%2Cmxn%2Cmyr%2Cngn%2Cnok%2Cnzd%2Cphp%2Cpkr%2Cpln%2Crub%2Csar%2Csek%2Csgd%2Cthb%2Ctry%2Ctwd%2Cuah%2Cvef%2Cvnd%2Czar%2Cxdr%2Cxag%2Cxau' from origin 'https://polkaswap.io' has been blocked by CORS policy: No 'Access-Control-Allow-Origin' header is present on the requested resource. @ https://polkaswap.io/#/swap:0
[ 3741661ms] [ERROR] Failed to load resource: net::ERR_FAILED @ https://api.coingecko.com/api/v3/simple/price?ids=dai&vs_currencies=btc%2Ceth%2Cusd%2Caed%2Cars%2Caud%2Cbdt%2Cbhd%2Cbmd%2Cbrl%2Ccad%2Cchf%2Cclp%2Ccny%2Cczk%2Cdkk%2Ceur%2Cgbp%2Cgel%2Chkd%2Chuf%2Cidr%2Cils%2Cinr%2Cjpy%2Ckrw%2Ckwd%2Clkr%2Cmmk%2Cmxn%2Cmyr%2Cngn%2Cnok%2Cnzd%2Cphp%2Cpkr%2Cpln%2Crub%2Csar%2Csek%2Csgd%2Cthb%2Ctry%2Ctwd%2Cuah%2Cvef%2Cvnd%2Czar%2Cxdr%2Cxag%2Cxau:0
[ 3741661ms] [ERROR] [Exchange rate API] Error while fetching rates. @ https://polkaswap.io/assets/index-BHqySXo4.js:569
[ 3741661ms] [WARNING] [Exchange rate API] not available. Now using default option. TypeError: Failed to fetch
    at MP.getRates (https://polkaswap.io/assets/index-BHqySXo4.js:570:46952)
    at Object.next (https://polkaswap.io/assets/index-BHqySXo4.js:570:47233)
    at Te.next (https://polkaswap.io/assets/index-BHqySXo4.js:47:4910)
    at Ie._next (https://polkaswap.io/assets/index-BHqySXo4.js:47:4458)
    at Ie.next (https://polkaswap.io/assets/index-BHqySXo4.js:47:3992)
    at Ie.work (https://polkaswap.io/assets/index-BHqySXo4.js:47:44468)
    at Ie._execute (https://polkaswap.io/assets/index-BHqySXo4.js:47:19228)
    at Ie.execute (https://polkaswap.io/assets/index-BHqySXo4.js:47:19042)
    at Ie.flush (https://polkaswap.io/assets/index-BHqySXo4.js:47:21677) @ https://polkaswap.io/assets/index-BHqySXo4.js:569
[ 3756636ms] [ERROR] Access to fetch at 'https://api.coingecko.com/api/v3/simple/price?ids=dai&vs_currencies=btc%2Ceth%2Cusd%2Caed%2Cars%2Caud%2Cbdt%2Cbhd%2Cbmd%2Cbrl%2Ccad%2Cchf%2Cclp%2Ccny%2Cczk%2Cdkk%2Ceur%2Cgbp%2Cgel%2Chkd%2Chuf%2Cidr%2Cils%2Cinr%2Cjpy%2Ckrw%2Ckwd%2Clkr%2Cmmk%2Cmxn%2Cmyr%2Cngn%2Cnok%2Cnzd%2Cphp%2Cpkr%2Cpln%2Crub%2Csar%2Csek%2Csgd%2Cthb%2Ctry%2Ctwd%2Cuah%2Cvef%2Cvnd%2Czar%2Cxdr%2Cxag%2Cxau' from origin 'https://polkaswap.io' has been blocked by CORS policy: No 'Access-Control-Allow-Origin' header is present on the requested resource. @ https://polkaswap.io/#/swap:0
[ 3756636ms] [ERROR] Failed to load resource: net::ERR_FAILED @ https://api.coingecko.com/api/v3/simple/price?ids=dai&vs_currencies=btc%2Ceth%2Cusd%2Caed%2Cars%2Caud%2Cbdt%2Cbhd%2Cbmd%2Cbrl%2Ccad%2Cchf%2Cclp%2Ccny%2Cczk%2Cdkk%2Ceur%2Cgbp%2Cgel%2Chkd%2Chuf%2Cidr%2Cils%2Cinr%2Cjpy%2Ckrw%2Ckwd%2Clkr%2Cmmk%2Cmxn%2Cmyr%2Cngn%2Cnok%2Cnzd%2Cphp%2Cpkr%2Cpln%2Crub%2Csar%2Csek%2Csgd%2Cthb%2Ctry%2Ctwd%2Cuah%2Cvef%2Cvnd%2Czar%2Cxdr%2Cxag%2Cxau:0
[ 3756636ms] [ERROR] [Exchange rate API] Error while fetching rates. @ https://polkaswap.io/assets/index-BHqySXo4.js:569
[ 3756636ms] [WARNING] [Exchange rate API] not available. Now using default option. TypeError: Failed to fetch
    at MP.getRates (https://polkaswap.io/assets/index-BHqySXo4.js:570:46952)
    at Object.next (https://polkaswap.io/assets/index-BHqySXo4.js:570:47233)
    at Te.next (https://polkaswap.io/assets/index-BHqySXo4.js:47:4910)
    at Ie._next (https://polkaswap.io/assets/index-BHqySXo4.js:47:4458)
    at Ie.next (https://polkaswap.io/assets/index-BHqySXo4.js:47:3992)
    at Ie.work (https://polkaswap.io/assets/index-BHqySXo4.js:47:44468)
    at Ie._execute (https://polkaswap.io/assets/index-BHqySXo4.js:47:19228)
    at Ie.execute (https://polkaswap.io/assets/index-BHqySXo4.js:47:19042)
    at Ie.flush (https://polkaswap.io/assets/index-BHqySXo4.js:47:21677) @ https://polkaswap.io/assets/index-BHqySXo4.js:569
[ 3771633ms] [ERROR] Access to fetch at 'https://api.coingecko.com/api/v3/simple/price?ids=dai&vs_currencies=btc%2Ceth%2Cusd%2Caed%2Cars%2Caud%2Cbdt%2Cbhd%2Cbmd%2Cbrl%2Ccad%2Cchf%2Cclp%2Ccny%2Cczk%2Cdkk%2Ceur%2Cgbp%2Cgel%2Chkd%2Chuf%2Cidr%2Cils%2Cinr%2Cjpy%2Ckrw%2Ckwd%2Clkr%2Cmmk%2Cmxn%2Cmyr%2Cngn%2Cnok%2Cnzd%2Cphp%2Cpkr%2Cpln%2Crub%2Csar%2Csek%2Csgd%2Cthb%2Ctry%2Ctwd%2Cuah%2Cvef%2Cvnd%2Czar%2Cxdr%2Cxag%2Cxau' from origin 'https://polkaswap.io' has been blocked by CORS policy: No 'Access-Control-Allow-Origin' header is present on the requested resource. @ https://polkaswap.io/#/swap:0
[ 3771634ms] [ERROR] Failed to load resource: net::ERR_FAILED @ https://api.coingecko.com/api/v3/simple/price?ids=dai&vs_currencies=btc%2Ceth%2Cusd%2Caed%2Cars%2Caud%2Cbdt%2Cbhd%2Cbmd%2Cbrl%2Ccad%2Cchf%2Cclp%2Ccny%2Cczk%2Cdkk%2Ceur%2Cgbp%2Cgel%2Chkd%2Chuf%2Cidr%2Cils%2Cinr%2Cjpy%2Ckrw%2Ckwd%2Clkr%2Cmmk%2Cmxn%2Cmyr%2Cngn%2Cnok%2Cnzd%2Cphp%2Cpkr%2Cpln%2Crub%2Csar%2Csek%2Csgd%2Cthb%2Ctry%2Ctwd%2Cuah%2Cvef%2Cvnd%2Czar%2Cxdr%2Cxag%2Cxau:0
[ 3771634ms] [ERROR] [Exchange rate API] Error while fetching rates. @ https://polkaswap.io/assets/index-BHqySXo4.js:569
[ 3771634ms] [WARNING] [Exchange rate API] not available. Now using default option. TypeError: Failed to fetch
    at MP.getRates (https://polkaswap.io/assets/index-BHqySXo4.js:570:46952)
    at Object.next (https://polkaswap.io/assets/index-BHqySXo4.js:570:47233)
    at Te.next (https://polkaswap.io/assets/index-BHqySXo4.js:47:4910)
    at Ie._next (https://polkaswap.io/assets/index-BHqySXo4.js:47:4458)
    at Ie.next (https://polkaswap.io/assets/index-BHqySXo4.js:47:3992)
    at Ie.work (https://polkaswap.io/assets/index-BHqySXo4.js:47:44468)
    at Ie._execute (https://polkaswap.io/assets/index-BHqySXo4.js:47:19228)
    at Ie.execute (https://polkaswap.io/assets/index-BHqySXo4.js:47:19042)
    at Ie.flush (https://polkaswap.io/assets/index-BHqySXo4.js:47:21677) @ https://polkaswap.io/assets/index-BHqySXo4.js:569
[ 3786636ms] [ERROR] Access to fetch at 'https://api.coingecko.com/api/v3/simple/price?ids=dai&vs_currencies=btc%2Ceth%2Cusd%2Caed%2Cars%2Caud%2Cbdt%2Cbhd%2Cbmd%2Cbrl%2Ccad%2Cchf%2Cclp%2Ccny%2Cczk%2Cdkk%2Ceur%2Cgbp%2Cgel%2Chkd%2Chuf%2Cidr%2Cils%2Cinr%2Cjpy%2Ckrw%2Ckwd%2Clkr%2Cmmk%2Cmxn%2Cmyr%2Cngn%2Cnok%2Cnzd%2Cphp%2Cpkr%2Cpln%2Crub%2Csar%2Csek%2Csgd%2Cthb%2Ctry%2Ctwd%2Cuah%2Cvef%2Cvnd%2Czar%2Cxdr%2Cxag%2Cxau' from origin 'https://polkaswap.io' has been blocked by CORS policy: No 'Access-Control-Allow-Origin' header is present on the requested resource. @ https://polkaswap.io/#/swap:0
[ 3786636ms] [ERROR] Failed to load resource: net::ERR_FAILED @ https://api.coingecko.com/api/v3/simple/price?ids=dai&vs_currencies=btc%2Ceth%2Cusd%2Caed%2Cars%2Caud%2Cbdt%2Cbhd%2Cbmd%2Cbrl%2Ccad%2Cchf%2Cclp%2Ccny%2Cczk%2Cdkk%2Ceur%2Cgbp%2Cgel%2Chkd%2Chuf%2Cidr%2Cils%2Cinr%2Cjpy%2Ckrw%2Ckwd%2Clkr%2Cmmk%2Cmxn%2Cmyr%2Cngn%2Cnok%2Cnzd%2Cphp%2Cpkr%2Cpln%2Crub%2Csar%2Csek%2Csgd%2Cthb%2Ctry%2Ctwd%2Cuah%2Cvef%2Cvnd%2Czar%2Cxdr%2Cxag%2Cxau:0
[ 3786636ms] [ERROR] [Exchange rate API] Error while fetching rates. @ https://polkaswap.io/assets/index-BHqySXo4.js:569
[ 3786636ms] [WARNING] [Exchange rate API] not available. Now using default option. TypeError: Failed to fetch
    at MP.getRates (https://polkaswap.io/assets/index-BHqySXo4.js:570:46952)
    at Object.next (https://polkaswap.io/assets/index-BHqySXo4.js:570:47233)
    at Te.next (https://polkaswap.io/assets/index-BHqySXo4.js:47:4910)
    at Ie._next (https://polkaswap.io/assets/index-BHqySXo4.js:47:4458)
    at Ie.next (https://polkaswap.io/assets/index-BHqySXo4.js:47:3992)
    at Ie.work (https://polkaswap.io/assets/index-BHqySXo4.js:47:44468)
    at Ie._execute (https://polkaswap.io/assets/index-BHqySXo4.js:47:19228)
    at Ie.execute (https://polkaswap.io/assets/index-BHqySXo4.js:47:19042)
    at Ie.flush (https://polkaswap.io/assets/index-BHqySXo4.js:47:21677) @ https://polkaswap.io/assets/index-BHqySXo4.js:569
[26676620ms] [ERROR] Access to fetch at 'https://api.coingecko.com/api/v3/simple/price?ids=dai&vs_currencies=btc%2Ceth%2Cusd%2Caed%2Cars%2Caud%2Cbdt%2Cbhd%2Cbmd%2Cbrl%2Ccad%2Cchf%2Cclp%2Ccny%2Cczk%2Cdkk%2Ceur%2Cgbp%2Cgel%2Chkd%2Chuf%2Cidr%2Cils%2Cinr%2Cjpy%2Ckrw%2Ckwd%2Clkr%2Cmmk%2Cmxn%2Cmyr%2Cngn%2Cnok%2Cnzd%2Cphp%2Cpkr%2Cpln%2Crub%2Csar%2Csek%2Csgd%2Cthb%2Ctry%2Ctwd%2Cuah%2Cvef%2Cvnd%2Czar%2Cxdr%2Cxag%2Cxau' from origin 'https://polkaswap.io' has been blocked by CORS policy: No 'Access-Control-Allow-Origin' header is present on the requested resource. @ https://polkaswap.io/#/swap:0
[26676620ms] [ERROR] Failed to load resource: net::ERR_FAILED @ https://api.coingecko.com/api/v3/simple/price?ids=dai&vs_currencies=btc%2Ceth%2Cusd%2Caed%2Cars%2Caud%2Cbdt%2Cbhd%2Cbmd%2Cbrl%2Ccad%2Cchf%2Cclp%2Ccny%2Cczk%2Cdkk%2Ceur%2Cgbp%2Cgel%2Chkd%2Chuf%2Cidr%2Cils%2Cinr%2Cjpy%2Ckrw%2Ckwd%2Clkr%2Cmmk%2Cmxn%2Cmyr%2Cngn%2Cnok%2Cnzd%2Cphp%2Cpkr%2Cpln%2Crub%2Csar%2Csek%2Csgd%2Cthb%2Ctry%2Ctwd%2Cuah%2Cvef%2Cvnd%2Czar%2Cxdr%2Cxag%2Cxau:0
[26676620ms] [ERROR] [Exchange rate API] Error while fetching rates. @ https://polkaswap.io/assets/index-BHqySXo4.js:569
[26676621ms] [WARNING] [Exchange rate API] not available. Now using default option. TypeError: Failed to fetch
    at MP.getRates (https://polkaswap.io/assets/index-BHqySXo4.js:570:46952)
    at Object.next (https://polkaswap.io/assets/index-BHqySXo4.js:570:47233)
    at Te.next (https://polkaswap.io/assets/index-BHqySXo4.js:47:4910)
    at Ie._next (https://polkaswap.io/assets/index-BHqySXo4.js:47:4458)
    at Ie.next (https://polkaswap.io/assets/index-BHqySXo4.js:47:3992)
    at Ie.work (https://polkaswap.io/assets/index-BHqySXo4.js:47:44468)
    at Ie._execute (https://polkaswap.io/assets/index-BHqySXo4.js:47:19228)
    at Ie.execute (https://polkaswap.io/assets/index-BHqySXo4.js:47:19042)
    at Ie.flush (https://polkaswap.io/assets/index-BHqySXo4.js:47:21677) @ https://polkaswap.io/assets/index-BHqySXo4.js:569
[26691609ms] [ERROR] Access to fetch at 'https://api.coingecko.com/api/v3/simple/price?ids=dai&vs_currencies=btc%2Ceth%2Cusd%2Caed%2Cars%2Caud%2Cbdt%2Cbhd%2Cbmd%2Cbrl%2Ccad%2Cchf%2Cclp%2Ccny%2Cczk%2Cdkk%2Ceur%2Cgbp%2Cgel%2Chkd%2Chuf%2Cidr%2Cils%2Cinr%2Cjpy%2Ckrw%2Ckwd%2Clkr%2Cmmk%2Cmxn%2Cmyr%2Cngn%2Cnok%2Cnzd%2Cphp%2Cpkr%2Cpln%2Crub%2Csar%2Csek%2Csgd%2Cthb%2Ctry%2Ctwd%2Cuah%2Cvef%2Cvnd%2Czar%2Cxdr%2Cxag%2Cxau' from origin 'https://polkaswap.io' has been blocked by CORS policy: No 'Access-Control-Allow-Origin' header is present on the requested resource. @ https://polkaswap.io/#/swap:0
[26691609ms] [ERROR] Failed to load resource: net::ERR_FAILED @ https://api.coingecko.com/api/v3/simple/price?ids=dai&vs_currencies=btc%2Ceth%2Cusd%2Caed%2Cars%2Caud%2Cbdt%2Cbhd%2Cbmd%2Cbrl%2Ccad%2Cchf%2Cclp%2Ccny%2Cczk%2Cdkk%2Ceur%2Cgbp%2Cgel%2Chkd%2Chuf%2Cidr%2Cils%2Cinr%2Cjpy%2Ckrw%2Ckwd%2Clkr%2Cmmk%2Cmxn%2Cmyr%2Cngn%2Cnok%2Cnzd%2Cphp%2Cpkr%2Cpln%2Crub%2Csar%2Csek%2Csgd%2Cthb%2Ctry%2Ctwd%2Cuah%2Cvef%2Cvnd%2Czar%2Cxdr%2Cxag%2Cxau:0
[26691609ms] [ERROR] [Exchange rate API] Error while fetching rates. @ https://polkaswap.io/assets/index-BHqySXo4.js:569
[26691609ms] [WARNING] [Exchange rate API] not available. Now using default option. TypeError: Failed to fetch
    at MP.getRates (https://polkaswap.io/assets/index-BHqySXo4.js:570:46952)
    at Object.next (https://polkaswap.io/assets/index-BHqySXo4.js:570:47233)
    at Te.next (https://polkaswap.io/assets/index-BHqySXo4.js:47:4910)
    at Ie._next (https://polkaswap.io/assets/index-BHqySXo4.js:47:4458)
    at Ie.next (https://polkaswap.io/assets/index-BHqySXo4.js:47:3992)
    at Ie.work (https://polkaswap.io/assets/index-BHqySXo4.js:47:44468)
    at Ie._execute (https://polkaswap.io/assets/index-BHqySXo4.js:47:19228)
    at Ie.execute (https://polkaswap.io/assets/index-BHqySXo4.js:47:19042)
    at Ie.flush (https://polkaswap.io/assets/index-BHqySXo4.js:47:21677) @ https://polkaswap.io/assets/index-BHqySXo4.js:569
[26706608ms] [ERROR] Access to fetch at 'https://api.coingecko.com/api/v3/simple/price?ids=dai&vs_currencies=btc%2Ceth%2Cusd%2Caed%2Cars%2Caud%2Cbdt%2Cbhd%2Cbmd%2Cbrl%2Ccad%2Cchf%2Cclp%2Ccny%2Cczk%2Cdkk%2Ceur%2Cgbp%2Cgel%2Chkd%2Chuf%2Cidr%2Cils%2Cinr%2Cjpy%2Ckrw%2Ckwd%2Clkr%2Cmmk%2Cmxn%2Cmyr%2Cngn%2Cnok%2Cnzd%2Cphp%2Cpkr%2Cpln%2Crub%2Csar%2Csek%2Csgd%2Cthb%2Ctry%2Ctwd%2Cuah%2Cvef%2Cvnd%2Czar%2Cxdr%2Cxag%2Cxau' from origin 'https://polkaswap.io' has been blocked by CORS policy: No 'Access-Control-Allow-Origin' header is present on the requested resource. @ https://polkaswap.io/#/swap:0
[26706608ms] [ERROR] Failed to load resource: net::ERR_FAILED @ https://api.coingecko.com/api/v3/simple/price?ids=dai&vs_currencies=btc%2Ceth%2Cusd%2Caed%2Cars%2Caud%2Cbdt%2Cbhd%2Cbmd%2Cbrl%2Ccad%2Cchf%2Cclp%2Ccny%2Cczk%2Cdkk%2Ceur%2Cgbp%2Cgel%2Chkd%2Chuf%2Cidr%2Cils%2Cinr%2Cjpy%2Ckrw%2Ckwd%2Clkr%2Cmmk%2Cmxn%2Cmyr%2Cngn%2Cnok%2Cnzd%2Cphp%2Cpkr%2Cpln%2Crub%2Csar%2Csek%2Csgd%2Cthb%2Ctry%2Ctwd%2Cuah%2Cvef%2Cvnd%2Czar%2Cxdr%2Cxag%2Cxau:0
[26706608ms] [ERROR] [Exchange rate API] Error while fetching rates. @ https://polkaswap.io/assets/index-BHqySXo4.js:569
[26706608ms] [WARNING] [Exchange rate API] not available. Now using default option. TypeError: Failed to fetch
    at MP.getRates (https://polkaswap.io/assets/index-BHqySXo4.js:570:46952)
    at Object.next (https://polkaswap.io/assets/index-BHqySXo4.js:570:47233)
    at Te.next (https://polkaswap.io/assets/index-BHqySXo4.js:47:4910)
    at Ie._next (https://polkaswap.io/assets/index-BHqySXo4.js:47:4458)
    at Ie.next (https://polkaswap.io/assets/index-BHqySXo4.js:47:3992)
    at Ie.work (https://polkaswap.io/assets/index-BHqySXo4.js:47:44468)
    at Ie._execute (https://polkaswap.io/assets/index-BHqySXo4.js:47:19228)
    at Ie.execute (https://polkaswap.io/assets/index-BHqySXo4.js:47:19042)
    at Ie.flush (https://polkaswap.io/assets/index-BHqySXo4.js:47:21677) @ https://polkaswap.io/assets/index-BHqySXo4.js:569
[26721609ms] [ERROR] Access to fetch at 'https://api.coingecko.com/api/v3/simple/price?ids=dai&vs_currencies=btc%2Ceth%2Cusd%2Caed%2Cars%2Caud%2Cbdt%2Cbhd%2Cbmd%2Cbrl%2Ccad%2Cchf%2Cclp%2Ccny%2Cczk%2Cdkk%2Ceur%2Cgbp%2Cgel%2Chkd%2Chuf%2Cidr%2Cils%2Cinr%2Cjpy%2Ckrw%2Ckwd%2Clkr%2Cmmk%2Cmxn%2Cmyr%2Cngn%2Cnok%2Cnzd%2Cphp%2Cpkr%2Cpln%2Crub%2Csar%2Csek%2Csgd%2Cthb%2Ctry%2Ctwd%2Cuah%2Cvef%2Cvnd%2Czar%2Cxdr%2Cxag%2Cxau' from origin 'https://polkaswap.io' has been blocked by CORS policy: No 'Access-Control-Allow-Origin' header is present on the requested resource. @ https://polkaswap.io/#/swap:0
[26721609ms] [ERROR] Failed to load resource: net::ERR_FAILED @ https://api.coingecko.com/api/v3/simple/price?ids=dai&vs_currencies=btc%2Ceth%2Cusd%2Caed%2Cars%2Caud%2Cbdt%2Cbhd%2Cbmd%2Cbrl%2Ccad%2Cchf%2Cclp%2Ccny%2Cczk%2Cdkk%2Ceur%2Cgbp%2Cgel%2Chkd%2Chuf%2Cidr%2Cils%2Cinr%2Cjpy%2Ckrw%2Ckwd%2Clkr%2Cmmk%2Cmxn%2Cmyr%2Cngn%2Cnok%2Cnzd%2Cphp%2Cpkr%2Cpln%2Crub%2Csar%2Csek%2Csgd%2Cthb%2Ctry%2Ctwd%2Cuah%2Cvef%2Cvnd%2Czar%2Cxdr%2Cxag%2Cxau:0
[26721609ms] [ERROR] [Exchange rate API] Error while fetching rates. @ https://polkaswap.io/assets/index-BHqySXo4.js:569
[26721609ms] [WARNING] [Exchange rate API] not available. Now using default option. TypeError: Failed to fetch
    at MP.getRates (https://polkaswap.io/assets/index-BHqySXo4.js:570:46952)
    at Object.next (https://polkaswap.io/assets/index-BHqySXo4.js:570:47233)
    at Te.next (https://polkaswap.io/assets/index-BHqySXo4.js:47:4910)
    at Ie._next (https://polkaswap.io/assets/index-BHqySXo4.js:47:4458)
    at Ie.next (https://polkaswap.io/assets/index-BHqySXo4.js:47:3992)
    at Ie.work (https://polkaswap.io/assets/index-BHqySXo4.js:47:44468)
    at Ie._execute (https://polkaswap.io/assets/index-BHqySXo4.js:47:19228)
    at Ie.execute (https://polkaswap.io/assets/index-BHqySXo4.js:47:19042)
    at Ie.flush (https://polkaswap.io/assets/index-BHqySXo4.js:47:21677) @ https://polkaswap.io/assets/index-BHqySXo4.js:569
