[    1594ms] [WARNING] @polkadot/keyring requires direct dependencies exactly matching version 10.4.2.
Either remove and explicitly install matching versions or dedupe using your package manager.
The following conflicting packages were found:
	12.6.2	@polkadot/util @ https://polkaswap.io/assets/index-BHqySXo4.js:7
[    1594ms] [WARNING] @polkadot/util-crypto requires direct dependencies exactly matching version 10.4.2.
Either remove and explicitly install matching versions or dedupe using your package manager.
The following conflicting packages were found:
	12.6.2	@polkadot/util @ https://polkaswap.io/assets/index-BHqySXo4.js:7
[    1714ms] [WARNING] @polkadot/types-create has multiple versions, ensure that there is only one installed.
Either remove and explicitly install matching versions or dedupe using your package manager.
The following conflicting packages were found:
	cjs 9.14.2	<unknown>
	cjs 9.14.2	<unknown> @ https://polkaswap.io/assets/index-BHqySXo4.js:7
[    1715ms] [WARNING] @polkadot/types-codec has multiple versions, ensure that there is only one installed.
Either remove and explicitly install matching versions or dedupe using your package manager.
The following conflicting packages were found:
	cjs 9.14.2	<unknown>
	cjs 9.14.2	<unknown> @ https://polkaswap.io/assets/index-BHqySXo4.js:7
[    7503ms] [ERROR] WebSocket connection to 'wss://api.subquery.network/sq/sora-xor/sora-prod' failed: Error during WebSocket handshake: Unexpected response code: 302 @ https://polkaswap.io/assets/index-BHqySXo4.js:126
[    7938ms] [ERROR] WebSocket connection to 'wss://api.subquery.network/sq/sora-xor/sora-prod' failed: Error during WebSocket handshake: Unexpected response code: 302 @ https://polkaswap.io/assets/index-BHqySXo4.js:126
[    8548ms] [ERROR] WebSocket connection to 'wss://api.subquery.network/sq/sora-xor/sora-prod' failed: Error during WebSocket handshake: Unexpected response code: 302 @ https://polkaswap.io/assets/index-BHqySXo4.js:126
[    9498ms] [ERROR] WebSocket connection to 'wss://api.subquery.network/sq/sora-xor/sora-prod' failed: Error during WebSocket handshake: Unexpected response code: 302 @ https://polkaswap.io/assets/index-BHqySXo4.js:126
[   10848ms] [ERROR] WebSocket connection to 'wss://api.subquery.network/sq/sora-xor/sora-prod' failed: Error during WebSocket handshake: Unexpected response code: 302 @ https://polkaswap.io/assets/index-BHqySXo4.js:126
[   12923ms] [ERROR] WebSocket connection to 'wss://api.subquery.network/sq/sora-xor/sora-prod' failed: Error during WebSocket handshake: Unexpected response code: 302 @ https://polkaswap.io/assets/index-BHqySXo4.js:126
[   16723ms] [ERROR] WebSocket connection to 'wss://api.subquery.network/sq/sora-xor/sora-prod' failed: Error during WebSocket handshake: Unexpected response code: 302 @ https://polkaswap.io/assets/index-BHqySXo4.js:126
[   24488ms] [ERROR] WebSocket connection to 'wss://api.subquery.network/sq/sora-xor/sora-prod' failed: Error during WebSocket handshake: Unexpected response code: 302 @ https://polkaswap.io/assets/index-BHqySXo4.js:126
[   34877ms] [ERROR] WebSocket connection to 'wss://api.subquery.network/sq/sora-xor/sora-prod' failed: Error during WebSocket handshake: Unexpected response code: 302 @ https://polkaswap.io/assets/index-BHqySXo4.js:126
[   45273ms] [ERROR] WebSocket connection to 'wss://api.subquery.network/sq/sora-xor/sora-prod' failed: Error during WebSocket handshake: Unexpected response code: 302 @ https://polkaswap.io/assets/index-BHqySXo4.js:126
[   55622ms] [ERROR] WebSocket connection to 'wss://api.subquery.network/sq/sora-xor/sora-prod' failed: Error during WebSocket handshake: Unexpected response code: 302 @ https://polkaswap.io/assets/index-BHqySXo4.js:126
