[      51ms] [WARNING] [Vue Router warn]: The "next" callback was never called inside of :
async (to, from, next) => {
    if (wasRedirected.value) {
      wasRedirected.value = false;
      next();
      return;
    }
    const params = { first: to.params.first, second: to.params.second };
    const firstAddress = resolveRouteAddress(params.first, assetsDataTable.value, whitelistIdsBySymbol.value);
    const secondAddress = resolveRouteAddress(params.second, assetsDataTable.value, whitelistIdsBySymbol.value);
    const valid = routeIsValid(params, to.name ?? "", firstAddress, secondAddress);
    const validState = parseCurrentRoute({
      isValidRoute: valid,
      name: to.name ?? ""
    });
    if (!validState) return;
    await onTokensChange({ firstAddress, secondAddress });
    next();
  }
. If you are returning a value instead of calling "next", make sure to remove the "next" parameter from your function. @ http://127.0.0.1:4173/node_modules/.vite/deps/vue-router.js?v=6169dbc0:67
[      51ms] [WARNING] [Vue Router warn]: uncaught error during route navigation: @ http://127.0.0.1:4173/node_modules/.vite/deps/vue-router.js?v=6169dbc0:67
[      51ms] [ERROR] Error: Invalid navigation guard
    at http://127.0.0.1:4173/node_modules/.vite/deps/vue-router.js?v=6169dbc0:466:33 @ http://127.0.0.1:4173/node_modules/.vite/deps/vue-router.js?v=6169dbc0:2121
