[    1835ms] [WARNING] @polkadot/keyring requires direct dependencies exactly matching version 10.4.2.
Either remove and explicitly install matching versions or dedupe using your package manager.
The following conflicting packages were found:
	12.6.2	@polkadot/util @ https://polkaswap.io/assets/index-BHqySXo4.js:7
[    1835ms] [WARNING] @polkadot/util-crypto requires direct dependencies exactly matching version 10.4.2.
Either remove and explicitly install matching versions or dedupe using your package manager.
The following conflicting packages were found:
	12.6.2	@polkadot/util @ https://polkaswap.io/assets/index-BHqySXo4.js:7
[    1948ms] [WARNING] @polkadot/types-create has multiple versions, ensure that there is only one installed.
Either remove and explicitly install matching versions or dedupe using your package manager.
The following conflicting packages were found:
	cjs 9.14.2	<unknown>
	cjs 9.14.2	<unknown> @ https://polkaswap.io/assets/index-BHqySXo4.js:7
[    1949ms] [WARNING] @polkadot/types-codec has multiple versions, ensure that there is only one installed.
Either remove and explicitly install matching versions or dedupe using your package manager.
The following conflicting packages were found:
	cjs 9.14.2	<unknown>
	cjs 9.14.2	<unknown> @ https://polkaswap.io/assets/index-BHqySXo4.js:7
[    6762ms] [ERROR] WebSocket connection to 'wss://api.subquery.network/sq/sora-xor/sora-prod' failed: Error during WebSocket handshake: Unexpected response code: 302 @ https://polkaswap.io/assets/index-BHqySXo4.js:126
[    7293ms] [ERROR] WebSocket connection to 'wss://api.subquery.network/sq/sora-xor/sora-prod' failed: Error during WebSocket handshake: Unexpected response code: 302 @ https://polkaswap.io/assets/index-BHqySXo4.js:126
[    7935ms] [ERROR] WebSocket connection to 'wss://api.subquery.network/sq/sora-xor/sora-prod' failed: Error during WebSocket handshake: Unexpected response code: 302 @ https://polkaswap.io/assets/index-BHqySXo4.js:126
[    8861ms] [ERROR] WebSocket connection to 'wss://api.subquery.network/sq/sora-xor/sora-prod' failed: Error during WebSocket handshake: Unexpected response code: 302 @ https://polkaswap.io/assets/index-BHqySXo4.js:126
[    9692ms] [ERROR] WebSocket connection to 'wss://api.subquery.network/sq/sora-xor/sora-prod' failed: Error during WebSocket handshake: Unexpected response code: 302 @ https://polkaswap.io/assets/index-BHqySXo4.js:126
[   11808ms] [ERROR] WebSocket connection to 'wss://api.subquery.network/sq/sora-xor/sora-prod' failed: Error during WebSocket handshake: Unexpected response code: 302 @ https://polkaswap.io/assets/index-BHqySXo4.js:126
[   15352ms] [ERROR] WebSocket connection to 'wss://api.subquery.network/sq/sora-xor/sora-prod' failed: Error during WebSocket handshake: Unexpected response code: 302 @ https://polkaswap.io/assets/index-BHqySXo4.js:126
[   21419ms] [ERROR] WebSocket connection to 'wss://api.subquery.network/sq/sora-xor/sora-prod' failed: Error during WebSocket handshake: Unexpected response code: 302 @ https://polkaswap.io/assets/index-BHqySXo4.js:126
[   31755ms] [ERROR] WebSocket connection to 'wss://api.subquery.network/sq/sora-xor/sora-prod' failed: Error during WebSocket handshake: Unexpected response code: 302 @ https://polkaswap.io/assets/index-BHqySXo4.js:126
[   42147ms] [ERROR] WebSocket connection to 'wss://api.subquery.network/sq/sora-xor/sora-prod' failed: Error during WebSocket handshake: Unexpected response code: 302 @ https://polkaswap.io/assets/index-BHqySXo4.js:126
[   52492ms] [ERROR] WebSocket connection to 'wss://api.subquery.network/sq/sora-xor/sora-prod' failed: Error during WebSocket handshake: Unexpected response code: 302 @ https://polkaswap.io/assets/index-BHqySXo4.js:126
[  110533ms] [WARNING] @polkadot/keyring requires direct dependencies exactly matching version 10.4.2.
Either remove and explicitly install matching versions or dedupe using your package manager.
The following conflicting packages were found:
	12.6.2	@polkadot/util @ https://polkaswap.io/assets/index-BHqySXo4.js:7
[  110533ms] [WARNING] @polkadot/util-crypto requires direct dependencies exactly matching version 10.4.2.
Either remove and explicitly install matching versions or dedupe using your package manager.
The following conflicting packages were found:
	12.6.2	@polkadot/util @ https://polkaswap.io/assets/index-BHqySXo4.js:7
[  110637ms] [WARNING] @polkadot/types-create has multiple versions, ensure that there is only one installed.
Either remove and explicitly install matching versions or dedupe using your package manager.
The following conflicting packages were found:
	cjs 9.14.2	<unknown>
	cjs 9.14.2	<unknown> @ https://polkaswap.io/assets/index-BHqySXo4.js:7
[  110637ms] [WARNING] @polkadot/types-codec has multiple versions, ensure that there is only one installed.
Either remove and explicitly install matching versions or dedupe using your package manager.
The following conflicting packages were found:
	cjs 9.14.2	<unknown>
	cjs 9.14.2	<unknown> @ https://polkaswap.io/assets/index-BHqySXo4.js:7
[  114715ms] [ERROR] WebSocket connection to 'wss://api.subquery.network/sq/sora-xor/sora-prod' failed: Error during WebSocket handshake: Unexpected response code: 302 @ https://polkaswap.io/assets/index-BHqySXo4.js:126
[  115276ms] [ERROR] WebSocket connection to 'wss://api.subquery.network/sq/sora-xor/sora-prod' failed: Error during WebSocket handshake: Unexpected response code: 302 @ https://polkaswap.io/assets/index-BHqySXo4.js:126
[  115945ms] [ERROR] WebSocket connection to 'wss://api.subquery.network/sq/sora-xor/sora-prod' failed: Error during WebSocket handshake: Unexpected response code: 302 @ https://polkaswap.io/assets/index-BHqySXo4.js:126
[  116759ms] [ERROR] WebSocket connection to 'wss://api.subquery.network/sq/sora-xor/sora-prod' failed: Error during WebSocket handshake: Unexpected response code: 302 @ https://polkaswap.io/assets/index-BHqySXo4.js:126
[  117839ms] [ERROR] WebSocket connection to 'wss://api.subquery.network/sq/sora-xor/sora-prod' failed: Error during WebSocket handshake: Unexpected response code: 302 @ https://polkaswap.io/assets/index-BHqySXo4.js:126
[  119937ms] [ERROR] WebSocket connection to 'wss://api.subquery.network/sq/sora-xor/sora-prod' failed: Error during WebSocket handshake: Unexpected response code: 302 @ https://polkaswap.io/assets/index-BHqySXo4.js:126
[  122753ms] [ERROR] WebSocket connection to 'wss://api.subquery.network/sq/sora-xor/sora-prod' failed: Error during WebSocket handshake: Unexpected response code: 302 @ https://polkaswap.io/assets/index-BHqySXo4.js:126
[  132745ms] [ERROR] WebSocket connection to 'wss://api.subquery.network/sq/sora-xor/sora-prod' failed: Error during WebSocket handshake: Unexpected response code: 302 @ https://polkaswap.io/assets/index-BHqySXo4.js:126
[  143095ms] [ERROR] WebSocket connection to 'wss://api.subquery.network/sq/sora-xor/sora-prod' failed: Error during WebSocket handshake: Unexpected response code: 302 @ https://polkaswap.io/assets/index-BHqySXo4.js:126
[  153458ms] [ERROR] WebSocket connection to 'wss://api.subquery.network/sq/sora-xor/sora-prod' failed: Error during WebSocket handshake: Unexpected response code: 302 @ https://polkaswap.io/assets/index-BHqySXo4.js:126
[  163903ms] [ERROR] WebSocket connection to 'wss://api.subquery.network/sq/sora-xor/sora-prod' failed: Error during WebSocket handshake: Unexpected response code: 302 @ https://polkaswap.io/assets/index-BHqySXo4.js:126
[  585881ms] [WARNING] @polkadot/keyring requires direct dependencies exactly matching version 10.4.2.
Either remove and explicitly install matching versions or dedupe using your package manager.
The following conflicting packages were found:
	12.6.2	@polkadot/util @ https://polkaswap.io/assets/index-BHqySXo4.js:7
[  585882ms] [WARNING] @polkadot/util-crypto requires direct dependencies exactly matching version 10.4.2.
Either remove and explicitly install matching versions or dedupe using your package manager.
The following conflicting packages were found:
	12.6.2	@polkadot/util @ https://polkaswap.io/assets/index-BHqySXo4.js:7
[  585991ms] [WARNING] @polkadot/types-create has multiple versions, ensure that there is only one installed.
Either remove and explicitly install matching versions or dedupe using your package manager.
The following conflicting packages were found:
	cjs 9.14.2	<unknown>
	cjs 9.14.2	<unknown> @ https://polkaswap.io/assets/index-BHqySXo4.js:7
[  585992ms] [WARNING] @polkadot/types-codec has multiple versions, ensure that there is only one installed.
Either remove and explicitly install matching versions or dedupe using your package manager.
The following conflicting packages were found:
	cjs 9.14.2	<unknown>
	cjs 9.14.2	<unknown> @ https://polkaswap.io/assets/index-BHqySXo4.js:7
[  591038ms] [WARNING] @polkadot/keyring requires direct dependencies exactly matching version 10.4.2.
Either remove and explicitly install matching versions or dedupe using your package manager.
The following conflicting packages were found:
	12.6.2	@polkadot/util @ https://polkaswap.io/assets/index-BHqySXo4.js:7
[  591038ms] [WARNING] @polkadot/util-crypto requires direct dependencies exactly matching version 10.4.2.
Either remove and explicitly install matching versions or dedupe using your package manager.
The following conflicting packages were found:
	12.6.2	@polkadot/util @ https://polkaswap.io/assets/index-BHqySXo4.js:7
[  591133ms] [WARNING] @polkadot/types-create has multiple versions, ensure that there is only one installed.
Either remove and explicitly install matching versions or dedupe using your package manager.
The following conflicting packages were found:
	cjs 9.14.2	<unknown>
	cjs 9.14.2	<unknown> @ https://polkaswap.io/assets/index-BHqySXo4.js:7
[  591133ms] [WARNING] @polkadot/types-codec has multiple versions, ensure that there is only one installed.
Either remove and explicitly install matching versions or dedupe using your package manager.
The following conflicting packages were found:
	cjs 9.14.2	<unknown>
	cjs 9.14.2	<unknown> @ https://polkaswap.io/assets/index-BHqySXo4.js:7
[  593576ms] [WARNING] @polkadot/keyring requires direct dependencies exactly matching version 10.4.2.
Either remove and explicitly install matching versions or dedupe using your package manager.
The following conflicting packages were found:
	12.6.2	@polkadot/util @ https://polkaswap.io/assets/index-BHqySXo4.js:7
[  593576ms] [WARNING] @polkadot/util-crypto requires direct dependencies exactly matching version 10.4.2.
Either remove and explicitly install matching versions or dedupe using your package manager.
The following conflicting packages were found:
	12.6.2	@polkadot/util @ https://polkaswap.io/assets/index-BHqySXo4.js:7
[  593668ms] [WARNING] @polkadot/types-create has multiple versions, ensure that there is only one installed.
Either remove and explicitly install matching versions or dedupe using your package manager.
The following conflicting packages were found:
	cjs 9.14.2	<unknown>
	cjs 9.14.2	<unknown> @ https://polkaswap.io/assets/index-BHqySXo4.js:7
[  593669ms] [WARNING] @polkadot/types-codec has multiple versions, ensure that there is only one installed.
Either remove and explicitly install matching versions or dedupe using your package manager.
The following conflicting packages were found:
	cjs 9.14.2	<unknown>
	cjs 9.14.2	<unknown> @ https://polkaswap.io/assets/index-BHqySXo4.js:7
[  596254ms] [WARNING] @polkadot/keyring requires direct dependencies exactly matching version 10.4.2.
Either remove and explicitly install matching versions or dedupe using your package manager.
The following conflicting packages were found:
	12.6.2	@polkadot/util @ https://polkaswap.io/assets/index-BHqySXo4.js:7
[  596254ms] [WARNING] @polkadot/util-crypto requires direct dependencies exactly matching version 10.4.2.
Either remove and explicitly install matching versions or dedupe using your package manager.
The following conflicting packages were found:
	12.6.2	@polkadot/util @ https://polkaswap.io/assets/index-BHqySXo4.js:7
[  596345ms] [WARNING] @polkadot/types-create has multiple versions, ensure that there is only one installed.
Either remove and explicitly install matching versions or dedupe using your package manager.
The following conflicting packages were found:
	cjs 9.14.2	<unknown>
	cjs 9.14.2	<unknown> @ https://polkaswap.io/assets/index-BHqySXo4.js:7
[  596346ms] [WARNING] @polkadot/types-codec has multiple versions, ensure that there is only one installed.
Either remove and explicitly install matching versions or dedupe using your package manager.
The following conflicting packages were found:
	cjs 9.14.2	<unknown>
	cjs 9.14.2	<unknown> @ https://polkaswap.io/assets/index-BHqySXo4.js:7
[  598877ms] [WARNING] @polkadot/keyring requires direct dependencies exactly matching version 10.4.2.
Either remove and explicitly install matching versions or dedupe using your package manager.
The following conflicting packages were found:
	12.6.2	@polkadot/util @ https://polkaswap.io/assets/index-BHqySXo4.js:7
[  598877ms] [WARNING] @polkadot/util-crypto requires direct dependencies exactly matching version 10.4.2.
Either remove and explicitly install matching versions or dedupe using your package manager.
The following conflicting packages were found:
	12.6.2	@polkadot/util @ https://polkaswap.io/assets/index-BHqySXo4.js:7
[  598965ms] [WARNING] @polkadot/types-create has multiple versions, ensure that there is only one installed.
Either remove and explicitly install matching versions or dedupe using your package manager.
The following conflicting packages were found:
	cjs 9.14.2	<unknown>
	cjs 9.14.2	<unknown> @ https://polkaswap.io/assets/index-BHqySXo4.js:7
[  598966ms] [WARNING] @polkadot/types-codec has multiple versions, ensure that there is only one installed.
Either remove and explicitly install matching versions or dedupe using your package manager.
The following conflicting packages were found:
	cjs 9.14.2	<unknown>
	cjs 9.14.2	<unknown> @ https://polkaswap.io/assets/index-BHqySXo4.js:7
[  601502ms] [WARNING] @polkadot/keyring requires direct dependencies exactly matching version 10.4.2.
Either remove and explicitly install matching versions or dedupe using your package manager.
The following conflicting packages were found:
	12.6.2	@polkadot/util @ https://polkaswap.io/assets/index-BHqySXo4.js:7
[  601503ms] [WARNING] @polkadot/util-crypto requires direct dependencies exactly matching version 10.4.2.
Either remove and explicitly install matching versions or dedupe using your package manager.
The following conflicting packages were found:
	12.6.2	@polkadot/util @ https://polkaswap.io/assets/index-BHqySXo4.js:7
[  601591ms] [WARNING] @polkadot/types-create has multiple versions, ensure that there is only one installed.
Either remove and explicitly install matching versions or dedupe using your package manager.
The following conflicting packages were found:
	cjs 9.14.2	<unknown>
	cjs 9.14.2	<unknown> @ https://polkaswap.io/assets/index-BHqySXo4.js:7
[  601591ms] [WARNING] @polkadot/types-codec has multiple versions, ensure that there is only one installed.
Either remove and explicitly install matching versions or dedupe using your package manager.
The following conflicting packages were found:
	cjs 9.14.2	<unknown>
	cjs 9.14.2	<unknown> @ https://polkaswap.io/assets/index-BHqySXo4.js:7
[  605547ms] [ERROR] WebSocket connection to 'wss://api.subquery.network/sq/sora-xor/sora-prod' failed: Error during WebSocket handshake: Unexpected response code: 302 @ https://polkaswap.io/assets/index-BHqySXo4.js:126
[  606143ms] [ERROR] WebSocket connection to 'wss://api.subquery.network/sq/sora-xor/sora-prod' failed: Error during WebSocket handshake: Unexpected response code: 302 @ https://polkaswap.io/assets/index-BHqySXo4.js:126
[  606601ms] [ERROR] WebSocket connection to 'wss://api.subquery.network/sq/sora-xor/sora-prod' failed: Error during WebSocket handshake: Unexpected response code: 302 @ https://polkaswap.io/assets/index-BHqySXo4.js:126
[  607253ms] [ERROR] WebSocket connection to 'wss://api.subquery.network/sq/sora-xor/sora-prod' failed: Error during WebSocket handshake: Unexpected response code: 302 @ https://polkaswap.io/assets/index-BHqySXo4.js:126
[  608062ms] [ERROR] WebSocket connection to 'wss://api.subquery.network/sq/sora-xor/sora-prod' failed: Error during WebSocket handshake: Unexpected response code: 302 @ https://polkaswap.io/assets/index-BHqySXo4.js:126
[  609823ms] [ERROR] WebSocket connection to 'wss://api.subquery.network/sq/sora-xor/sora-prod' failed: Error during WebSocket handshake: Unexpected response code: 302 @ https://polkaswap.io/assets/index-BHqySXo4.js:126
[  614971ms] [ERROR] WebSocket connection to 'wss://api.subquery.network/sq/sora-xor/sora-prod' failed: Error during WebSocket handshake: Unexpected response code: 302 @ https://polkaswap.io/assets/index-BHqySXo4.js:126
[  624708ms] [ERROR] WebSocket connection to 'wss://api.subquery.network/sq/sora-xor/sora-prod' failed: Error during WebSocket handshake: Unexpected response code: 302 @ https://polkaswap.io/assets/index-BHqySXo4.js:126
[  635109ms] [ERROR] WebSocket connection to 'wss://api.subquery.network/sq/sora-xor/sora-prod' failed: Error during WebSocket handshake: Unexpected response code: 302 @ https://polkaswap.io/assets/index-BHqySXo4.js:126
[  645453ms] [ERROR] WebSocket connection to 'wss://api.subquery.network/sq/sora-xor/sora-prod' failed: Error during WebSocket handshake: Unexpected response code: 302 @ https://polkaswap.io/assets/index-BHqySXo4.js:126
[  655849ms] [ERROR] WebSocket connection to 'wss://api.subquery.network/sq/sora-xor/sora-prod' failed: Error during WebSocket handshake: Unexpected response code: 302 @ https://polkaswap.io/assets/index-BHqySXo4.js:126
