// Jest Snapshot v1, https://goo.gl/fbAQLP

exports[`CreatePair.vue should renders correctly 1`] = `
<div
  class="container"
>
  <!---->
   
  <s-form-stub
    class="el-form--actions"
    labelposition="right"
    validateonrulechange="true"
    value="[object Object]"
  >
    <div
      class="input-container"
    >
      <div
        class="input-line"
      >
        <div
          class="input-title"
        >
          
        </div>
         
        <!---->
      </div>
       
      <div
        class="input-line"
      >
        <s-form-item-stub
          prop=""
          showmessage="true"
        >
          <s-input-stub
            accept=""
            autocomplete="off"
            borderradius="small"
            class="s-input--token-value"
            form=""
            label=""
            name=""
            placeholder="0.00"
            prefix=""
            size="big"
            suffix=""
            tabindex=""
            type="text"
            value="0.0"
          />
        </s-form-item-stub>
         
        <div
          class="token"
        >
          <!---->
           
          <s-button-stub
            borderradius="medium"
            class="el-button--choose-token"
            icon="chevron-bottom-rounded"
            iconposition="right"
            nativetype="button"
            size="small"
            tabindex="0"
            tooltip=""
            tooltipplacement="top"
            type="tertiary"
          >
            <!---->
            
            XOR
          
          </s-button-stub>
        </div>
      </div>
    </div>
     
    <s-icon-stub
      class="icon-divider"
      name="plus-rounded"
      size="medium"
    />
     
    <div
      class="input-container"
    >
      <div
        class="input-line"
      >
        <div
          class="input-title"
        >
          <span>
            
          </span>
        </div>
         
        <!---->
      </div>
       
      <div
        class="input-line"
      >
        <s-form-item-stub
          prop=""
          showmessage="true"
        >
          <s-input-stub
            accept=""
            autocomplete="off"
            borderradius="small"
            class="s-input--token-value"
            form=""
            label=""
            name=""
            placeholder="0.00"
            prefix=""
            size="big"
            suffix=""
            tabindex=""
            type="text"
            value="0.0"
          />
        </s-form-item-stub>
         
        <div
          class="token"
        >
          <!---->
           
          <s-button-stub
            borderradius="medium"
            class="el-button--choose-token"
            icon="chevron-bottom-rounded"
            iconposition="right"
            nativetype="button"
            size="small"
            tabindex="0"
            tooltip=""
            tooltipplacement="top"
            type="tertiary"
          >
            <!---->
            
            KSM
          
          </s-button-stub>
        </div>
      </div>
    </div>
     
    <s-button-stub
      borderradius="small"
      icon=""
      iconposition="left"
      nativetype="button"
      size="medium"
      tabindex="0"
      tooltip=""
      tooltipplacement="top"
      type="primary"
    >
      
        
      
    </s-button-stub>
  </s-form-stub>
   
  <!---->
   
  <!---->
   
  <!---->
   
  <!---->
   
  <!---->
   
  <!---->
   
  <!---->
</div>
`;
