// Jest Snapshot v1, https://goo.gl/fbAQLP

exports[`Exchange.vue should renders correctly 1`] = `
<div
  class="exchange-container"
>
  <s-tabs-stub
    borderradius="small"
    position="top"
    type="rounded"
  >
    <s-tab-stub
      name="Swap"
    />
    <s-tab-stub
      name="Pool"
    />
  </s-tabs-stub>
   
  <router-view-stub
    name="default"
  />
</div>
`;
