// Jest Snapshot v1, https://goo.gl/fbAQLP

exports[`Exchange.vue should renders correctly 1`] = `
<div
  class="exchange-container"
>
  <s-tabs-stub
    position="top"
    type="rounded"
    value="swap"
  >
    <s-tab-stub
      name="swap"
    >
      <swap-stub />
    </s-tab-stub>
     
    <s-tab-stub
      name="pool"
    >
      <pool-stub />
    </s-tab-stub>
  </s-tabs-stub>
</div>
`;
